Archive member included to satisfy reference by file (symbol)

c:/ac6/systemworkbench/plugins/fr.ac6.mcu.externaltools.arm-none.win32_1.16.0.201807130628/tools/compiler/bin/../lib/gcc/arm-none-eabi/7.2.1/thumb/v7e-m/fpv4-sp/hard\libgcc.a(_arm_addsubdf3.o)
                              Src/LCD2004.o (__aeabi_f2d)
c:/ac6/systemworkbench/plugins/fr.ac6.mcu.externaltools.arm-none.win32_1.16.0.201807130628/tools/compiler/bin/../lib/gcc/arm-none-eabi/7.2.1/thumb/v7e-m/fpv4-sp/hard\libgcc.a(_aeabi_ldivmod.o)
                              Src/bmp280.o (__aeabi_ldivmod)
c:/ac6/systemworkbench/plugins/fr.ac6.mcu.externaltools.arm-none.win32_1.16.0.201807130628/tools/compiler/bin/../lib/gcc/arm-none-eabi/7.2.1/thumb/v7e-m/fpv4-sp/hard\libgcc.a(_aeabi_uldivmod.o)
                              Drivers/STM32F4xx_HAL_Driver/Src/stm32f4xx_hal_rcc.o (__aeabi_uldivmod)
c:/ac6/systemworkbench/plugins/fr.ac6.mcu.externaltools.arm-none.win32_1.16.0.201807130628/tools/compiler/bin/../lib/gcc/arm-none-eabi/7.2.1/thumb/v7e-m/fpv4-sp/hard\libgcc.a(_udivmoddi4.o)
                              c:/ac6/systemworkbench/plugins/fr.ac6.mcu.externaltools.arm-none.win32_1.16.0.201807130628/tools/compiler/bin/../lib/gcc/arm-none-eabi/7.2.1/thumb/v7e-m/fpv4-sp/hard\libgcc.a(_aeabi_ldivmod.o) (__udivmoddi4)
c:/ac6/systemworkbench/plugins/fr.ac6.mcu.externaltools.arm-none.win32_1.16.0.201807130628/tools/compiler/bin/../lib/gcc/arm-none-eabi/7.2.1/thumb/v7e-m/fpv4-sp/hard\libgcc.a(_dvmd_tls.o)
                              c:/ac6/systemworkbench/plugins/fr.ac6.mcu.externaltools.arm-none.win32_1.16.0.201807130628/tools/compiler/bin/../lib/gcc/arm-none-eabi/7.2.1/thumb/v7e-m/fpv4-sp/hard\libgcc.a(_aeabi_ldivmod.o) (__aeabi_ldiv0)
c:/ac6/systemworkbench/plugins/fr.ac6.mcu.externaltools.arm-none.win32_1.16.0.201807130628/tools/compiler/bin/../lib/gcc/arm-none-eabi/7.2.1/../../../../arm-none-eabi/lib/thumb/v7e-m/fpv4-sp/hard\libc.a(lib_a-exit.o)
                              c:/ac6/systemworkbench/plugins/fr.ac6.mcu.externaltools.arm-none.win32_1.16.0.201807130628/tools/compiler/bin/../lib/gcc/arm-none-eabi/7.2.1/../../../../arm-none-eabi/lib/thumb/v7e-m/fpv4-sp/hard/rdimon-crt0.o (exit)
c:/ac6/systemworkbench/plugins/fr.ac6.mcu.externaltools.arm-none.win32_1.16.0.201807130628/tools/compiler/bin/../lib/gcc/arm-none-eabi/7.2.1/../../../../arm-none-eabi/lib/thumb/v7e-m/fpv4-sp/hard\libc.a(lib_a-impure.o)
                              c:/ac6/systemworkbench/plugins/fr.ac6.mcu.externaltools.arm-none.win32_1.16.0.201807130628/tools/compiler/bin/../lib/gcc/arm-none-eabi/7.2.1/../../../../arm-none-eabi/lib/thumb/v7e-m/fpv4-sp/hard\libc.a(lib_a-exit.o) (_global_impure_ptr)
c:/ac6/systemworkbench/plugins/fr.ac6.mcu.externaltools.arm-none.win32_1.16.0.201807130628/tools/compiler/bin/../lib/gcc/arm-none-eabi/7.2.1/../../../../arm-none-eabi/lib/thumb/v7e-m/fpv4-sp/hard\libc.a(lib_a-init.o)
                              c:/ac6/systemworkbench/plugins/fr.ac6.mcu.externaltools.arm-none.win32_1.16.0.201807130628/tools/compiler/bin/../lib/gcc/arm-none-eabi/7.2.1/../../../../arm-none-eabi/lib/thumb/v7e-m/fpv4-sp/hard/rdimon-crt0.o (__libc_init_array)
c:/ac6/systemworkbench/plugins/fr.ac6.mcu.externaltools.arm-none.win32_1.16.0.201807130628/tools/compiler/bin/../lib/gcc/arm-none-eabi/7.2.1/../../../../arm-none-eabi/lib/thumb/v7e-m/fpv4-sp/hard\libc.a(lib_a-itoa.o)
                              Src/LCD2004.o (itoa)
c:/ac6/systemworkbench/plugins/fr.ac6.mcu.externaltools.arm-none.win32_1.16.0.201807130628/tools/compiler/bin/../lib/gcc/arm-none-eabi/7.2.1/../../../../arm-none-eabi/lib/thumb/v7e-m/fpv4-sp/hard\libc.a(lib_a-memcpy.o)
                              Src/LCD2004.o (memcpy)
c:/ac6/systemworkbench/plugins/fr.ac6.mcu.externaltools.arm-none.win32_1.16.0.201807130628/tools/compiler/bin/../lib/gcc/arm-none-eabi/7.2.1/../../../../arm-none-eabi/lib/thumb/v7e-m/fpv4-sp/hard\libc.a(lib_a-memset.o)
                              c:/ac6/systemworkbench/plugins/fr.ac6.mcu.externaltools.arm-none.win32_1.16.0.201807130628/tools/compiler/bin/../lib/gcc/arm-none-eabi/7.2.1/../../../../arm-none-eabi/lib/thumb/v7e-m/fpv4-sp/hard/rdimon-crt0.o (memset)
c:/ac6/systemworkbench/plugins/fr.ac6.mcu.externaltools.arm-none.win32_1.16.0.201807130628/tools/compiler/bin/../lib/gcc/arm-none-eabi/7.2.1/../../../../arm-none-eabi/lib/thumb/v7e-m/fpv4-sp/hard\libc.a(lib_a-printf.o)
                              Src/LCD2004.o (printf)
c:/ac6/systemworkbench/plugins/fr.ac6.mcu.externaltools.arm-none.win32_1.16.0.201807130628/tools/compiler/bin/../lib/gcc/arm-none-eabi/7.2.1/../../../../arm-none-eabi/lib/thumb/v7e-m/fpv4-sp/hard\libc.a(lib_a-putchar.o)
                              Src/LCD2004.o (putchar)
c:/ac6/systemworkbench/plugins/fr.ac6.mcu.externaltools.arm-none.win32_1.16.0.201807130628/tools/compiler/bin/../lib/gcc/arm-none-eabi/7.2.1/../../../../arm-none-eabi/lib/thumb/v7e-m/fpv4-sp/hard\libc.a(lib_a-puts.o)
                              Src/LCD2004.o (puts)
[...]
Memory Configuration

Name             Origin             Length             Attributes
RAM              0x20000000         0x00020000         xrw
FLASH            0x08000000         0x00080000         xr
*default*        0x00000000         0xffffffff

Linker script and memory map

LOAD c:/ac6/systemworkbench/plugins/fr.ac6.mcu.externaltools.arm-none.win32_1.16.0.201807130628/tools/compiler/bin/../lib/gcc/arm-none-eabi/7.2.1/thumb/v7e-m/fpv4-sp/hard/crti.o
LOAD c:/ac6/systemworkbench/plugins/fr.ac6.mcu.externaltools.arm-none.win32_1.16.0.201807130628/tools/compiler/bin/../lib/gcc/arm-none-eabi/7.2.1/thumb/v7e-m/fpv4-sp/hard/crtbegin.o
LOAD c:/ac6/systemworkbench/plugins/fr.ac6.mcu.externaltools.arm-none.win32_1.16.0.201807130628/tools/compiler/bin/../lib/gcc/arm-none-eabi/7.2.1/../../../../arm-none-eabi/lib/thumb/v7e-m/fpv4-sp/hard/rdimon-crt0.o
LOAD Drivers/STM32F4xx_HAL_Driver/Src/stm32f4xx_hal.o
LOAD Drivers/STM32F4xx_HAL_Driver/Src/stm32f4xx_hal_cortex.o
LOAD Drivers/STM32F4xx_HAL_Driver/Src/stm32f4xx_hal_dma.o
LOAD Drivers/STM32F4xx_HAL_Driver/Src/stm32f4xx_hal_dma_ex.o
LOAD Drivers/STM32F4xx_HAL_Driver/Src/stm32f4xx_hal_flash.o
LOAD Drivers/STM32F4xx_HAL_Driver/Src/stm32f4xx_hal_flash_ex.o
LOAD Drivers/STM32F4xx_HAL_Driver/Src/stm32f4xx_hal_flash_ramfunc.o
LOAD Drivers/STM32F4xx_HAL_Driver/Src/stm32f4xx_hal_gpio.o
LOAD Drivers/STM32F4xx_HAL_Driver/Src/stm32f4xx_hal_i2c.o
LOAD Drivers/STM32F4xx_HAL_Driver/Src/stm32f4xx_hal_i2c_ex.o
LOAD Drivers/STM32F4xx_HAL_Driver/Src/stm32f4xx_hal_pwr.o
LOAD Drivers/STM32F4xx_HAL_Driver/Src/stm32f4xx_hal_pwr_ex.o
LOAD Drivers/STM32F4xx_HAL_Driver/Src/stm32f4xx_hal_rcc.o
LOAD Drivers/STM32F4xx_HAL_Driver/Src/stm32f4xx_hal_rcc_ex.o
LOAD Drivers/STM32F4xx_HAL_Driver/Src/stm32f4xx_hal_spi.o
LOAD Drivers/STM32F4xx_HAL_Driver/Src/stm32f4xx_hal_tim.o
LOAD Drivers/STM32F4xx_HAL_Driver/Src/stm32f4xx_hal_tim_ex.o
LOAD Drivers/STM32F4xx_HAL_Driver/Src/stm32f4xx_hal_uart.o
LOAD Middlewares/Third_Party/FatFs/src/diskio.o
LOAD Middlewares/Third_Party/FatFs/src/ff.o
LOAD Middlewares/Third_Party/FatFs/src/ff_gen_drv.o
LOAD Middlewares/Third_Party/FatFs/src/option/ccsbcs.o
LOAD Middlewares/Third_Party/FatFs/src/option/syscall.o
LOAD Src/LCD2004.o
LOAD Src/ZS-042.o
LOAD Src/bmp280.o
LOAD Src/ccsbcs.o
LOAD Src/dhtxx.o
LOAD Src/fatfs.o
LOAD Src/gpio.o
LOAD Src/i2c.o
LOAD Src/main.o
LOAD Src/sd.o
LOAD Src/spi.o
LOAD Src/stm32f4xx_hal_msp.o
LOAD Src/stm32f4xx_it.o
LOAD Src/system_stm32f4xx.o
LOAD Src/tim.o
LOAD Src/us_timing.o
LOAD Src/usart.o
LOAD Src/user_diskio.o
LOAD startup/startup_stm32f411xe.o
LOAD c:/ac6/systemworkbench/plugins/fr.ac6.mcu.externaltools.arm-none.win32_1.16.0.201807130628/tools/compiler/bin/../lib/gcc/arm-none-eabi/7.2.1/../../../../arm-none-eabi/lib/thumb/v7e-m/fpv4-sp/hard\libm.a
START GROUP
LOAD c:/ac6/systemworkbench/plugins/fr.ac6.mcu.externaltools.arm-none.win32_1.16.0.201807130628/tools/compiler/bin/../lib/gcc/arm-none-eabi/7.2.1/thumb/v7e-m/fpv4-sp/hard\libgcc.a
LOAD c:/ac6/systemworkbench/plugins/fr.ac6.mcu.externaltools.arm-none.win32_1.16.0.201807130628/tools/compiler/bin/../lib/gcc/arm-none-eabi/7.2.1/../../../../arm-none-eabi/lib/thumb/v7e-m/fpv4-sp/hard\libc.a
END GROUP
START GROUP
LOAD c:/ac6/systemworkbench/plugins/fr.ac6.mcu.externaltools.arm-none.win32_1.16.0.201807130628/tools/compiler/bin/../lib/gcc/arm-none-eabi/7.2.1/thumb/v7e-m/fpv4-sp/hard\libgcc.a
LOAD c:/ac6/systemworkbench/plugins/fr.ac6.mcu.externaltools.arm-none.win32_1.16.0.201807130628/tools/compiler/bin/../lib/gcc/arm-none-eabi/7.2.1/../../../../arm-none-eabi/lib/thumb/v7e-m/fpv4-sp/hard\libc.a
LOAD c:/ac6/systemworkbench/plugins/fr.ac6.mcu.externaltools.arm-none.win32_1.16.0.201807130628/tools/compiler/bin/../lib/gcc/arm-none-eabi/7.2.1/../../../../arm-none-eabi/lib/thumb/v7e-m/fpv4-sp/hard\librdimon.a
END GROUP
LOAD c:/ac6/systemworkbench/plugins/fr.ac6.mcu.externaltools.arm-none.win32_1.16.0.201807130628/tools/compiler/bin/../lib/gcc/arm-none-eabi/7.2.1/thumb/v7e-m/fpv4-sp/hard/crtend.o
LOAD c:/ac6/systemworkbench/plugins/fr.ac6.mcu.externaltools.arm-none.win32_1.16.0.201807130628/tools/compiler/bin/../lib/gcc/arm-none-eabi/7.2.1/thumb/v7e-m/fpv4-sp/hard/crtn.o
                0x20020000                _estack = 0x20020000
                0x00000200                _Min_Heap_Size = 0x200
                0x00000400                _Min_Stack_Size = 0x400

.isr_vector     0x08000000      0x198
                0x08000000                . = ALIGN (0x4)
 *(.isr_vector)
 .isr_vector    0x08000000      0x198 startup/startup_stm32f411xe.o
                0x08000000                g_pfnVectors
                0x08000198                . = ALIGN (0x4)

.text           0x080001c0     0xf224
                0x080001c0                . = ALIGN (0x4)
 *(.text)
 .text          0x080001c0       0x40 c:/ac6/systemworkbench/plugins/fr.ac6.mcu.externaltools.arm-none.win32_1.16.0.201807130628/tools/compiler/bin/../lib/gcc/arm-none-eabi/7.2.1/thumb/v7e-m/fpv4-sp/hard/crtbegin.o
 .text          0x08000200      0x378 c:/ac6/systemworkbench/plugins/fr.ac6.mcu.externaltools.arm-none.win32_1.16.0.201807130628/tools/compiler/bin/../lib/gcc/arm-none-eabi/7.2.1/thumb/v7e-m/fpv4-sp/hard\libgcc.a(_arm_addsubdf3.o)
                0x08000200                __aeabi_drsub
                0x08000208                __aeabi_dsub
                0x08000208                __subdf3
                0x0800020c                __aeabi_dadd
                0x0800020c                __adddf3
                0x08000484                __floatunsidf
                0x08000484                __aeabi_ui2d
                0x080004a4                __floatsidf
                0x080004a4                __aeabi_i2d
                0x080004c8                __aeabi_f2d
                0x080004c8                __extendsfdf2
                0x0800050c                __floatundidf
                0x0800050c                __aeabi_ul2d
                0x0800051c                __floatdidf
                0x0800051c                __aeabi_l2d
 .text          0x08000578       0xa0 c:/ac6/systemworkbench/plugins/fr.ac6.mcu.externaltools.arm-none.win32_1.16.0.201807130628/tools/compiler/bin/../lib/gcc/arm-none-eabi/7.2.1/thumb/v7e-m/fpv4-sp/hard\libgcc.a(_aeabi_ldivmod.o)
                0x08000578                __aeabi_ldivmod
 .text          0x08000618       0x30 c:/ac6/systemworkbench/plugins/fr.ac6.mcu.externaltools.arm-none.win32_1.16.0.201807130628/tools/compiler/bin/../lib/gcc/arm-none-eabi/7.2.1/thumb/v7e-m/fpv4-sp/hard\libgcc.a(_aeabi_uldivmod.o)
                0x08000618                __aeabi_uldivmod
 .text          0x08000648      0x2cc c:/ac6/systemworkbench/plugins/fr.ac6.mcu.externaltools.arm-none.win32_1.16.0.201807130628/tools/compiler/bin/../lib/gcc/arm-none-eabi/7.2.1/thumb/v7e-m/fpv4-sp/hard\libgcc.a(_udivmoddi4.o)
                0x08000648                __udivmoddi4
 .text          0x08000914        0x4 c:/ac6/systemworkbench/plugins/fr.ac6.mcu.externaltools.arm-none.win32_1.16.0.201807130628/tools/compiler/bin/../lib/gcc/arm-none-eabi/7.2.1/thumb/v7e-m/fpv4-sp/hard\libgcc.a(_dvmd_tls.o)
                0x08000914                __aeabi_idiv0
                0x08000914                __aeabi_ldiv0
 .text          0x08000918      0x134 c:/ac6/systemworkbench/plugins/fr.ac6.mcu.externaltools.arm-none.win32_1.16.0.201807130628/tools/compiler/bin/../lib/gcc/arm-none-eabi/7.2.1/../../../../arm-none-eabi/lib/thumb/v7e-m/fpv4-sp/hard\libc.a(lib_a-memcpy.o)
                0x08000918                memcpy
 *fill*         0x08000a4c       0x34 
 .text          0x08000a80       0xdc c:/ac6/systemworkbench/plugins/fr.ac6.mcu.externaltools.arm-none.win32_1.16.0.201807130628/tools/compiler/bin/../lib/gcc/arm-none-eabi/7.2.1/../../../../arm-none-eabi/lib/thumb/v7e-m/fpv4-sp/hard\libc.a(lib_a-strlen.o)
                0x08000a80                strlen
 *fill*         0x08000b5c        0x4 
 .text          0x08000b60       0xa0 c:/ac6/systemworkbench/plugins/fr.ac6.mcu.externaltools.arm-none.win32_1.16.0.201807130628/tools/compiler/bin/../lib/gcc/arm-none-eabi/7.2.1/../../../../arm-none-eabi/lib/thumb/v7e-m/fpv4-sp/hard\libc.a(lib_a-memchr.o)
                0x08000b60                memchr
 .text          0x08000c00      0x424 c:/ac6/systemworkbench/plugins/fr.ac6.mcu.externaltools.arm-none.win32_1.16.0.201807130628/tools/compiler/bin/../lib/gcc/arm-none-eabi/7.2.1/thumb/v7e-m/fpv4-sp/hard\libgcc.a(_arm_muldivdf3.o)
                0x08000c00                __aeabi_dmul
                0x08000c00                __muldf3
                0x08000e54                __divdf3
                0x08000e54                __aeabi_ddiv
 .text          0x08001024      0x110 c:/ac6/systemworkbench/plugins/fr.ac6.mcu.externaltools.arm-none.win32_1.16.0.201807130628/tools/compiler/bin/../lib/gcc/arm-none-eabi/7.2.1/thumb/v7e-m/fpv4-sp/hard\libgcc.a(_arm_cmpdf2.o)
                0x08001024                __gtdf2
                0x08001024                __gedf2
                0x0800102c                __ltdf2
                0x0800102c                __ledf2
                0x08001034                __nedf2
                0x08001034                __eqdf2
                0x08001034                __cmpdf2
                0x080010b0                __aeabi_cdrcmple
                0x080010c0                __aeabi_cdcmpeq
                0x080010c0                __aeabi_cdcmple
                0x080010d0                __aeabi_dcmpeq
                0x080010e4                __aeabi_dcmplt
                0x080010f8                __aeabi_dcmple
                0x0800110c                __aeabi_dcmpge
                0x08001120                __aeabi_dcmpgt
 .text          0x08001134       0x2c c:/ac6/systemworkbench/plugins/fr.ac6.mcu.externaltools.arm-none.win32_1.16.0.201807130628/tools/compiler/bin/../lib/gcc/arm-none-eabi/7.2.1/thumb/v7e-m/fpv4-sp/hard\libgcc.a(_arm_unorddf2.o)
                0x08001134                __unorddf2
                0x08001134                __aeabi_dcmpun
 .text          0x08001160       0x50 c:/ac6/systemworkbench/plugins/fr.ac6.mcu.externaltools.arm-none.win32_1.16.0.201807130628/tools/compiler/bin/../lib/gcc/arm-none-eabi/7.2.1/thumb/v7e-m/fpv4-sp/hard\libgcc.a(_arm_fixdfsi.o)
                0x08001160                __aeabi_d2iz
                0x08001160                __fixdfsi
 *(.text*)
 .text.HAL_InitTick
                0x080011b0       0x48 Drivers/STM32F4xx_HAL_Driver/Src/stm32f4xx_hal.o
                0x080011b0                HAL_InitTick
 .text.HAL_Init
                0x080011f8       0x34 Drivers/STM32F4xx_HAL_Driver/Src/stm32f4xx_hal.o
                0x080011f8                HAL_Init
 .text.HAL_IncTick
                0x0800122c       0x18 Drivers/STM32F4xx_HAL_Driver/Src/stm32f4xx_hal.o
                0x0800122c                HAL_IncTick
 .text.HAL_GetTick
                0x08001244        0xc Drivers/STM32F4xx_HAL_Driver/Src/stm32f4xx_hal.o
                0x08001244                HAL_GetTick
 .text.HAL_Delay
                0x08001250       0x28 Drivers/STM32F4xx_HAL_Driver/Src/stm32f4xx_hal.o
                0x08001250                HAL_Delay
 .text.HAL_NVIC_SetPriorityGrouping
                0x08001278       0x3c Drivers/STM32F4xx_HAL_Driver/Src/stm32f4xx_hal_cortex.o
                0x08001278                HAL_NVIC_SetPriorityGrouping
 .text.HAL_NVIC_SetPriority
                0x080012b4       0x8c Drivers/STM32F4xx_HAL_Driver/Src/stm32f4xx_hal_cortex.o
                0x080012b4                HAL_NVIC_SetPriority
 .text.HAL_NVIC_EnableIRQ
                0x08001340       0x2c Drivers/STM32F4xx_HAL_Driver/Src/stm32f4xx_hal_cortex.o
                0x08001340                HAL_NVIC_EnableIRQ
 .text.HAL_SYSTICK_Config
                0x0800136c       0x2c Drivers/STM32F4xx_HAL_Driver/Src/stm32f4xx_hal_cortex.o
                0x0800136c                HAL_SYSTICK_Config
 .text.HAL_SYSTICK_CLKSourceConfig
                0x08001398       0x3c Drivers/STM32F4xx_HAL_Driver/Src/stm32f4xx_hal_cortex.o
                0x08001398                HAL_SYSTICK_CLKSourceConfig
 .text.HAL_SYSTICK_Callback
                0x080013d4        0x2 Drivers/STM32F4xx_HAL_Driver/Src/stm32f4xx_hal_cortex.o
                0x080013d4                HAL_SYSTICK_Callback
 .text.HAL_SYSTICK_IRQHandler
                0x080013d6        0x8 Drivers/STM32F4xx_HAL_Driver/Src/stm32f4xx_hal_cortex.o
                0x080013d6                HAL_SYSTICK_IRQHandler
 .text.HAL_DMA_Abort_IT
                0x080013de       0x26 Drivers/STM32F4xx_HAL_Driver/Src/stm32f4xx_hal_dma.o
                0x080013de                HAL_DMA_Abort_IT
 .text.HAL_GPIO_Init
                0x08001404      0x2b4 Drivers/STM32F4xx_HAL_Driver/Src/stm32f4xx_hal_gpio.o
                0x08001404                HAL_GPIO_Init
 .text.HAL_GPIO_ReadPin
                0x080016b8       0x28 Drivers/STM32F4xx_HAL_Driver/Src/stm32f4xx_hal_gpio.o
                0x080016b8                HAL_GPIO_ReadPin
 .text.HAL_GPIO_WritePin
                0x080016e0       0x38 Drivers/STM32F4xx_HAL_Driver/Src/stm32f4xx_hal_gpio.o
                0x080016e0                HAL_GPIO_WritePin
 .text.I2C_IsAcknowledgeFailed
                0x08001718       0x2a Drivers/STM32F4xx_HAL_Driver/Src/stm32f4xx_hal_i2c.o
 .text.I2C_WaitOnFlagUntilTimeout
                0x08001742       0x68 Drivers/STM32F4xx_HAL_Driver/Src/stm32f4xx_hal_i2c.o
 .text.I2C_WaitOnMasterAddressFlagUntilTimeout
                0x080017aa       0x90 Drivers/STM32F4xx_HAL_Driver/Src/stm32f4xx_hal_i2c.o
 *fill*         0x0800183a        0x2 
 .text.I2C_MasterRequestWrite
                0x0800183c       0xbc Drivers/STM32F4xx_HAL_Driver/Src/stm32f4xx_hal_i2c.o
 .text.I2C_MasterRequestRead
                0x080018f8      0x120 Drivers/STM32F4xx_HAL_Driver/Src/stm32f4xx_hal_i2c.o
 .text.I2C_WaitOnTXEFlagUntilTimeout
                0x08001a18       0x4e Drivers/STM32F4xx_HAL_Driver/Src/stm32f4xx_hal_i2c.o
 *fill*         0x08001a66        0x2 
 .text.I2C_RequestMemoryWrite
                0x08001a68       0xd8 Drivers/STM32F4xx_HAL_Driver/Src/stm32f4xx_hal_i2c.o
 .text.I2C_RequestMemoryRead
                0x08001b40      0x148 Drivers/STM32F4xx_HAL_Driver/Src/stm32f4xx_hal_i2c.o
 .text.I2C_WaitOnBTFFlagUntilTimeout
                0x08001c88       0x4e Drivers/STM32F4xx_HAL_Driver/Src/stm32f4xx_hal_i2c.o
 .text.I2C_WaitOnRXNEFlagUntilTimeout
                0x08001cd6       0x5c Drivers/STM32F4xx_HAL_Driver/Src/stm32f4xx_hal_i2c.o
 *fill*         0x08001d32        0x2 
 .text.HAL_I2C_Init
                0x08001d34      0x1f8 Drivers/STM32F4xx_HAL_Driver/Src/stm32f4xx_hal_i2c.o
                0x08001d34                HAL_I2C_Init
 .text.HAL_I2C_Master_Transmit
                0x08001f2c      0x184 Drivers/STM32F4xx_HAL_Driver/Src/stm32f4xx_hal_i2c.o
                0x08001f2c                HAL_I2C_Master_Transmit
 .text.HAL_I2C_Master_Receive
                0x080020b0      0x2e8 Drivers/STM32F4xx_HAL_Driver/Src/stm32f4xx_hal_i2c.o
                0x080020b0                HAL_I2C_Master_Receive
 .text.HAL_I2C_Mem_Write
                0x08002398      0x194 Drivers/STM32F4xx_HAL_Driver/Src/stm32f4xx_hal_i2c.o
                0x08002398                HAL_I2C_Mem_Write
 .text.HAL_I2C_Mem_Read
                0x0800252c      0x300 Drivers/STM32F4xx_HAL_Driver/Src/stm32f4xx_hal_i2c.o
                0x0800252c                HAL_I2C_Mem_Read
 .text.HAL_I2C_IsDeviceReady
                0x0800282c      0x18c Drivers/STM32F4xx_HAL_Driver/Src/stm32f4xx_hal_i2c.o
                0x0800282c                HAL_I2C_IsDeviceReady
 .text.HAL_I2C_GetError
                0x080029b8        0x4 Drivers/STM32F4xx_HAL_Driver/Src/stm32f4xx_hal_i2c.o
                0x080029b8                HAL_I2C_GetError
 .text.HAL_RCC_OscConfig
                0x080029bc      0x4a0 Drivers/STM32F4xx_HAL_Driver/Src/stm32f4xx_hal_rcc.o
                0x080029bc                HAL_RCC_OscConfig
 .text.HAL_RCC_GetSysClockFreq
                0x08002e5c       0xd8 Drivers/STM32F4xx_HAL_Driver/Src/stm32f4xx_hal_rcc.o
                0x08002e5c                HAL_RCC_GetSysClockFreq
 .text.HAL_RCC_ClockConfig
                0x08002f34      0x214 Drivers/STM32F4xx_HAL_Driver/Src/stm32f4xx_hal_rcc.o
                0x08002f34                HAL_RCC_ClockConfig
 .text.HAL_RCC_GetHCLKFreq
                0x08003148        0xc Drivers/STM32F4xx_HAL_Driver/Src/stm32f4xx_hal_rcc.o
                0x08003148                HAL_RCC_GetHCLKFreq
 .text.HAL_RCC_GetPCLK1Freq
                0x08003154       0x20 Drivers/STM32F4xx_HAL_Driver/Src/stm32f4xx_hal_rcc.o
                0x08003154                HAL_RCC_GetPCLK1Freq
 .text.HAL_RCC_GetPCLK2Freq
                0x08003174       0x20 Drivers/STM32F4xx_HAL_Driver/Src/stm32f4xx_hal_rcc.o
                0x08003174                HAL_RCC_GetPCLK2Freq
 .text.SPI_WaitFlagStateUntilTimeout
                0x08003194       0x96 Drivers/STM32F4xx_HAL_Driver/Src/stm32f4xx_hal_spi.o
 .text.SPI_CheckFlag_BSY
                0x0800322a       0x28 Drivers/STM32F4xx_HAL_Driver/Src/stm32f4xx_hal_spi.o
 *fill*         0x08003252        0x2 
 .text.HAL_SPI_Init
                0x08003254      0x1a4 Drivers/STM32F4xx_HAL_Driver/Src/stm32f4xx_hal_spi.o
                0x08003254                HAL_SPI_Init
 .text.HAL_SPI_TransmitReceive
                0x080033f8      0x24c Drivers/STM32F4xx_HAL_Driver/Src/stm32f4xx_hal_spi.o
                0x080033f8                HAL_SPI_TransmitReceive
 .text.TIM_TI1_ConfigInputStage
                0x08003644       0x26 Drivers/STM32F4xx_HAL_Driver/Src/stm32f4xx_hal_tim.o
 .text.TIM_TI2_ConfigInputStage
                0x0800366a       0x28 Drivers/STM32F4xx_HAL_Driver/Src/stm32f4xx_hal_tim.o
 .text.TIM_ITRx_SetConfig
                0x08003692       0x10 Drivers/STM32F4xx_HAL_Driver/Src/stm32f4xx_hal_tim.o
 .text.TIM_ETR_SetConfig
                0x080036a2       0x18 Drivers/STM32F4xx_HAL_Driver/Src/stm32f4xx_hal_tim.o
 *fill*         0x080036ba        0x2 
 .text.HAL_TIM_Base_Start
                0x080036bc       0x70 Drivers/STM32F4xx_HAL_Driver/Src/stm32f4xx_hal_tim.o
                0x080036bc                HAL_TIM_Base_Start
 .text.HAL_TIM_Base_Stop
                0x0800372c       0x84 Drivers/STM32F4xx_HAL_Driver/Src/stm32f4xx_hal_tim.o
                0x0800372c                HAL_TIM_Base_Stop
 .text.HAL_TIM_Base_Start_IT
                0x080037b0       0x6c Drivers/STM32F4xx_HAL_Driver/Src/stm32f4xx_hal_tim.o
                0x080037b0                HAL_TIM_Base_Start_IT
 .text.HAL_TIM_ConfigClockSource
                0x0800381c      0x4f8 Drivers/STM32F4xx_HAL_Driver/Src/stm32f4xx_hal_tim.o
                0x0800381c                HAL_TIM_ConfigClockSource
 .text.HAL_TIM_OC_DelayElapsedCallback
                0x08003d14        0x2 Drivers/STM32F4xx_HAL_Driver/Src/stm32f4xx_hal_tim.o
                0x08003d14                HAL_TIM_OC_DelayElapsedCallback
 .text.HAL_TIM_IC_CaptureCallback
                0x08003d16        0x2 Drivers/STM32F4xx_HAL_Driver/Src/stm32f4xx_hal_tim.o
                0x08003d16                HAL_TIM_IC_CaptureCallback
 .text.HAL_TIM_PWM_PulseFinishedCallback
                0x08003d18        0x2 Drivers/STM32F4xx_HAL_Driver/Src/stm32f4xx_hal_tim.o
                0x08003d18                HAL_TIM_PWM_PulseFinishedCallback
 .text.HAL_TIM_TriggerCallback
                0x08003d1a        0x2 Drivers/STM32F4xx_HAL_Driver/Src/stm32f4xx_hal_tim.o
                0x08003d1a                HAL_TIM_TriggerCallback
 .text.HAL_TIM_IRQHandler
                0x08003d1c      0x17a Drivers/STM32F4xx_HAL_Driver/Src/stm32f4xx_hal_tim.o
                0x08003d1c                HAL_TIM_IRQHandler
 *fill*         0x08003e96        0x2 
 .text.TIM_Base_SetConfig
                0x08003e98       0x94 Drivers/STM32F4xx_HAL_Driver/Src/stm32f4xx_hal_tim.o
                0x08003e98                TIM_Base_SetConfig
 .text.HAL_TIM_Base_Init
                0x08003f2c       0xbc Drivers/STM32F4xx_HAL_Driver/Src/stm32f4xx_hal_tim.o
                0x08003f2c                HAL_TIM_Base_Init
 .text.HAL_TIMEx_MasterConfigSynchronization
                0x08003fe8       0xcc Drivers/STM32F4xx_HAL_Driver/Src/stm32f4xx_hal_tim_ex.o
                0x08003fe8                HAL_TIMEx_MasterConfigSynchronization
 .text.HAL_TIMEx_CommutationCallback
                0x080040b4        0x2 Drivers/STM32F4xx_HAL_Driver/Src/stm32f4xx_hal_tim_ex.o
                0x080040b4                HAL_TIMEx_CommutationCallback
 .text.HAL_TIMEx_BreakCallback
                0x080040b6        0x2 Drivers/STM32F4xx_HAL_Driver/Src/stm32f4xx_hal_tim_ex.o
                0x080040b6                HAL_TIMEx_BreakCallback
 .text.UART_EndRxTransfer
                0x080040b8       0x1c Drivers/STM32F4xx_HAL_Driver/Src/stm32f4xx_hal_uart.o
 .text.UART_Transmit_IT
                0x080040d4       0x68 Drivers/STM32F4xx_HAL_Driver/Src/stm32f4xx_hal_uart.o
 .text.UART_SetConfig
                0x0800413c      0x3a0 Drivers/STM32F4xx_HAL_Driver/Src/stm32f4xx_hal_uart.o
 .text.UART_WaitOnFlagUntilTimeout
                0x080044dc       0x62 Drivers/STM32F4xx_HAL_Driver/Src/stm32f4xx_hal_uart.o
 *fill*         0x0800453e        0x2 
 .text.HAL_UART_Init
                0x08004540      0x100 Drivers/STM32F4xx_HAL_Driver/Src/stm32f4xx_hal_uart.o
                0x08004540                HAL_UART_Init
 .text.HAL_UART_Transmit
                0x08004640       0xe0 Drivers/STM32F4xx_HAL_Driver/Src/stm32f4xx_hal_uart.o
                0x08004640                HAL_UART_Transmit
 .text.HAL_UART_Receive
                0x08004720       0xe4 Drivers/STM32F4xx_HAL_Driver/Src/stm32f4xx_hal_uart.o
                0x08004720                HAL_UART_Receive
 .text.HAL_UART_TxCpltCallback
                0x08004804        0x2 Drivers/STM32F4xx_HAL_Driver/Src/stm32f4xx_hal_uart.o
                0x08004804                HAL_UART_TxCpltCallback
 .text.UART_EndTransmit_IT
                0x08004806       0x1a Drivers/STM32F4xx_HAL_Driver/Src/stm32f4xx_hal_uart.o
 .text.HAL_UART_RxCpltCallback
                0x08004820        0x2 Drivers/STM32F4xx_HAL_Driver/Src/stm32f4xx_hal_uart.o
                0x08004820                HAL_UART_RxCpltCallback
 .text.UART_Receive_IT
                0x08004822       0x92 Drivers/STM32F4xx_HAL_Driver/Src/stm32f4xx_hal_uart.o
 .text.HAL_UART_ErrorCallback
                0x080048b4        0x2 Drivers/STM32F4xx_HAL_Driver/Src/stm32f4xx_hal_uart.o
                0x080048b4                HAL_UART_ErrorCallback
 *fill*         0x080048b6        0x2 
 .text.HAL_UART_IRQHandler
                0x080048b8      0x120 Drivers/STM32F4xx_HAL_Driver/Src/stm32f4xx_hal_uart.o
                0x080048b8                HAL_UART_IRQHandler
 .text.UART_DMAAbortOnError
                0x080049d8       0x10 Drivers/STM32F4xx_HAL_Driver/Src/stm32f4xx_hal_uart.o
 .text.disk_status
                0x080049e8       0x18 Middlewares/Third_Party/FatFs/src/diskio.o
                0x080049e8                disk_status
 .text.disk_initialize
                0x08004a00       0x28 Middlewares/Third_Party/FatFs/src/diskio.o
                0x08004a00                disk_initialize
 .text.disk_read
                0x08004a28       0x18 Middlewares/Third_Party/FatFs/src/diskio.o
                0x08004a28                disk_read
 .text.disk_write
                0x08004a40       0x18 Middlewares/Third_Party/FatFs/src/diskio.o
                0x08004a40                disk_write
 .text.disk_ioctl
                0x08004a58       0x18 Middlewares/Third_Party/FatFs/src/diskio.o
                0x08004a58                disk_ioctl
 .text.ld_word  0x08004a70        0xa Middlewares/Third_Party/FatFs/src/ff.o
 .text.ld_dword
                0x08004a7a       0x16 Middlewares/Third_Party/FatFs/src/ff.o
 .text.st_word  0x08004a90        0x8 Middlewares/Third_Party/FatFs/src/ff.o
 .text.st_dword
                0x08004a98       0x14 Middlewares/Third_Party/FatFs/src/ff.o
 .text.mem_cpy  0x08004aac       0x12 Middlewares/Third_Party/FatFs/src/ff.o
 .text.mem_set  0x08004abe        0xa Middlewares/Third_Party/FatFs/src/ff.o
 .text.mem_cmp  0x08004ac8       0x1e Middlewares/Third_Party/FatFs/src/ff.o
 .text.chk_chr  0x08004ae6       0x10 Middlewares/Third_Party/FatFs/src/ff.o
 *fill*         0x08004af6        0x2 
 .text.chk_lock
                0x08004af8       0x74 Middlewares/Third_Party/FatFs/src/ff.o
 .text.enq_lock
                0x08004b6c       0x20 Middlewares/Third_Party/FatFs/src/ff.o
 .text.inc_lock
                0x08004b8c       0xa4 Middlewares/Third_Party/FatFs/src/ff.o
 .text.dec_lock
                0x08004c30       0x40 Middlewares/Third_Party/FatFs/src/ff.o
 .text.clear_lock
                0x08004c70       0x3c Middlewares/Third_Party/FatFs/src/ff.o
 .text.clust2sect
                0x08004cac       0x18 Middlewares/Third_Party/FatFs/src/ff.o
 .text.clmt_clust
                0x08004cc4       0x2c Middlewares/Third_Party/FatFs/src/ff.o
 .text.ld_clust
                0x08004cf0       0x26 Middlewares/Third_Party/FatFs/src/ff.o
 .text.st_clust
                0x08004d16       0x26 Middlewares/Third_Party/FatFs/src/ff.o
 .text.put_lfn  0x08004d3c       0x78 Middlewares/Third_Party/FatFs/src/ff.o
 .text.gen_numname
                0x08004db4       0xa0 Middlewares/Third_Party/FatFs/src/ff.o
 .text.sum_sfn  0x08004e54       0x1c Middlewares/Third_Party/FatFs/src/ff.o
 .text.get_ldnumber
                0x08004e70       0x54 Middlewares/Third_Party/FatFs/src/ff.o
 .text.validate
                0x08004ec4       0x34 Middlewares/Third_Party/FatFs/src/ff.o
 .text.sync_window
                0x08004ef8       0x54 Middlewares/Third_Party/FatFs/src/ff.o
 .text.move_window
                0x08004f4c       0x34 Middlewares/Third_Party/FatFs/src/ff.o
 .text.check_fs
                0x08004f80       0x7c Middlewares/Third_Party/FatFs/src/ff.o
 .text.find_volume
                0x08004ffc      0x354 Middlewares/Third_Party/FatFs/src/ff.o
 .text.put_fat  0x08005350      0x13a Middlewares/Third_Party/FatFs/src/ff.o
 .text.get_fat  0x0800548a       0xfe Middlewares/Third_Party/FatFs/src/ff.o
 .text.dir_sdi  0x08005588       0xb2 Middlewares/Third_Party/FatFs/src/ff.o
 .text.create_chain
                0x0800563a       0xc4 Middlewares/Third_Party/FatFs/src/ff.o
 .text.remove_chain
                0x080056fe       0x88 Middlewares/Third_Party/FatFs/src/ff.o
 .text.dir_next
                0x08005786      0x114 Middlewares/Third_Party/FatFs/src/ff.o
 .text.dir_alloc
                0x0800589a       0x50 Middlewares/Third_Party/FatFs/src/ff.o
 *fill*         0x080058ea        0x2 
 .text.sync_fs  0x080058ec       0x88 Middlewares/Third_Party/FatFs/src/ff.o
 .text.create_name
                0x08005974      0x228 Middlewares/Third_Party/FatFs/src/ff.o
 .text.cmp_lfn  0x08005b9c       0xa4 Middlewares/Third_Party/FatFs/src/ff.o
 .text.dir_find
                0x08005c40       0xe6 Middlewares/Third_Party/FatFs/src/ff.o
 .text.follow_path
                0x08005d26       0x92 Middlewares/Third_Party/FatFs/src/ff.o
 .text.dir_register
                0x08005db8      0x144 Middlewares/Third_Party/FatFs/src/ff.o
 .text.f_mount  0x08005efc       0x64 Middlewares/Third_Party/FatFs/src/ff.o
                0x08005efc                f_mount
 .text.f_open   0x08005f60      0x236 Middlewares/Third_Party/FatFs/src/ff.o
                0x08005f60                f_open
 .text.f_write  0x08006196      0x1ea Middlewares/Third_Party/FatFs/src/ff.o
                0x08006196                f_write
 .text.f_sync   0x08006380       0xa0 Middlewares/Third_Party/FatFs/src/ff.o
                0x08006380                f_sync
 .text.f_close  0x08006420       0x34 Middlewares/Third_Party/FatFs/src/ff.o
                0x08006420                f_close
 .text.FATFS_LinkDriverEx
                0x08006454       0x48 Middlewares/Third_Party/FatFs/src/ff_gen_drv.o
                0x08006454                FATFS_LinkDriverEx
 .text.FATFS_LinkDriver
                0x0800649c        0xa Middlewares/Third_Party/FatFs/src/ff_gen_drv.o
                0x0800649c                FATFS_LinkDriver
 *fill*         0x080064a6        0x2 
 .text.ff_convert
                0x080064a8       0x38 Middlewares/Third_Party/FatFs/src/option/ccsbcs.o
                0x080064a8                ff_convert
 .text.ff_wtoupper
                0x080064e0       0x9c Middlewares/Third_Party/FatFs/src/option/ccsbcs.o
                0x080064e0                ff_wtoupper
 .text.LCD_SendInternal
                0x0800657c       0x84 Src/LCD2004.o
                0x0800657c                LCD_SendInternal
 .text.LCD_SendCommand
                0x08006600        0xa Src/LCD2004.o
                0x08006600                LCD_SendCommand
 .text.LCD_SendData
                0x0800660a        0xa Src/LCD2004.o
                0x0800660a                LCD_SendData
 .text.SmallPrint.9190
                0x08006614       0xa4 Src/LCD2004.o
 .text.LCD_Init
                0x080066b8       0x60 Src/LCD2004.o
                0x080066b8                LCD_Init
 .text.Array_Clear
                0x08006718       0x18 Src/LCD2004.o
                0x08006718                Array_Clear
 .text.Array_Clear_first_row
                0x08006730       0x18 Src/LCD2004.o
                0x08006730                Array_Clear_first_row
 .text.Array_Clear_second_row
                0x08006748       0x18 Src/LCD2004.o
                0x08006748                Array_Clear_second_row
 .text.Array_Clear_third_and_fourth_rows
                0x08006760       0x18 Src/LCD2004.o
                0x08006760                Array_Clear_third_and_fourth_rows
 .text.LCD_Print
                0x08006778       0x24 Src/LCD2004.o
                0x08006778                LCD_Print
 .text.LCD_SendString
                0x0800679c       0x20 Src/LCD2004.o
                0x0800679c                LCD_SendString
 .text.LCD_SendChar
                0x080067bc       0x18 Src/LCD2004.o
                0x080067bc                LCD_SendChar
 .text.LCD_SendInt
                0x080067d4       0x20 Src/LCD2004.o
                0x080067d4                LCD_SendInt
 .text.LCD_SendFloat
                0x080067f4       0x30 Src/LCD2004.o
                0x080067f4                LCD_SendFloat
 .text.LCD_PowerOn
                0x08006824       0x14 Src/LCD2004.o
                0x08006824                LCD_PowerOn
 .text.LCD_PowerOff
                0x08006838       0x14 Src/LCD2004.o
                0x08006838                LCD_PowerOff
 .text.LCD_POWER_SAVING_MODE
                0x0800684c       0x14 Src/LCD2004.o
                0x0800684c                LCD_POWER_SAVING_MODE
 .text.LCD_NOPOWER_SAVING_MODE
                0x08006860       0x14 Src/LCD2004.o
                0x08006860                LCD_NOPOWER_SAVING_MODE
 .text.LCD_PrintRTC
                0x08006874      0x24c Src/LCD2004.o
                0x08006874                LCD_PrintRTC
 .text.I2C_WriteBuffer
                0x08006ac0       0x58 Src/ZS-042.o
                0x08006ac0                I2C_WriteBuffer
 .text.I2C_ReadBuffer
                0x08006b18       0x58 Src/ZS-042.o
                0x08006b18                I2C_ReadBuffer
 .text.RTC_ConvertFromDec
                0x08006b70       0x12 Src/ZS-042.o
                0x08006b70                RTC_ConvertFromDec
 *fill*         0x08006b82        0x2 
 .text.RTC_ConvertFromBinDec
                0x08006b84       0x1c Src/ZS-042.o
                0x08006b84                RTC_ConvertFromBinDec
 .text.RTC_SetData
                0x08006ba0       0x84 Src/ZS-042.o
                0x08006ba0                RTC_SetData
 .text.RTC_ReadData
                0x08006c24       0xa0 Src/ZS-042.o
                0x08006c24                RTC_ReadData
 .text.read_register16
                0x08006cc4       0x40 Src/bmp280.o
 .text.read_calibration_data
                0x08006d04       0xd2 Src/bmp280.o
 .text.read_hum_calibration_data
                0x08006dd6       0xc6 Src/bmp280.o
 .text.write_register8
                0x08006e9c       0x2e Src/bmp280.o
 .text.bmp280_init_default_params
                0x08006eca       0x12 Src/bmp280.o
                0x08006eca                bmp280_init_default_params
 .text.bmp280_init
                0x08006edc      0x11a Src/bmp280.o
                0x08006edc                bmp280_init
 .text.bmp280_read_fixed
                0x08006ff6      0x312 Src/bmp280.o
                0x08006ff6                bmp280_read_fixed
 .text.bmp280_read_float
                0x08007308       0x7c Src/bmp280.o
                0x08007308                bmp280_read_float
 .text.bmp_ms_before_next_read
                0x08007384        0xe Src/bmp280.o
                0x08007384                bmp_ms_before_next_read
 *fill*         0x08007392        0x2 
 .text.read_pulse
                0x08007394       0xdc Src/dhtxx.o
 .text.read_bit
                0x08007470       0x26 Src/dhtxx.o
 .text.io_init_DHTxx
                0x08007496        0x4 Src/dhtxx.o
                0x08007496                io_init_DHTxx
 .text.init_DHTxx
                0x0800749a       0x20 Src/dhtxx.o
                0x0800749a                init_DHTxx
 .text.ms_before_first_read
                0x080074ba        0x6 Src/dhtxx.o
                0x080074ba                ms_before_first_read
 .text.ms_before_next_read
                0x080074c0        0xe Src/dhtxx.o
                0x080074c0                ms_before_next_read
 *fill*         0x080074ce        0x2 
 .text.read_raw_DHTxx
                0x080074d0      0x180 Src/dhtxx.o
                0x080074d0                read_raw_DHTxx
 .text.get_temperature_DHTxx
                0x08007650       0x32 Src/dhtxx.o
                0x08007650                get_temperature_DHTxx
 .text.get_humidity_DHTxx
                0x08007682       0x26 Src/dhtxx.o
                0x08007682                get_humidity_DHTxx
 .text.MX_FATFS_Init
                0x080076a8       0x1c Src/fatfs.o
                0x080076a8                MX_FATFS_Init
 .text.get_fattime
                0x080076c4        0x4 Src/fatfs.o
                0x080076c4                get_fattime
 .text.MX_GPIO_Init
                0x080076c8      0x124 Src/gpio.o
                0x080076c8                MX_GPIO_Init
 .text.MX_I2C1_Init
                0x080077ec       0x44 Src/i2c.o
                0x080077ec                MX_I2C1_Init
 .text.MX_I2C2_Init
                0x08007830       0x44 Src/i2c.o
                0x08007830                MX_I2C2_Init
 .text.MX_I2C3_Init
                0x08007874       0x44 Src/i2c.o
                0x08007874                MX_I2C3_Init
 .text.HAL_I2C_MspInit
                0x080078b8      0x10c Src/i2c.o
                0x080078b8                HAL_I2C_MspInit
 .text.TransmitMiniData.10885
                0x080079c4       0x28 Src/main.o
 .text.init_timing
                0x080079ec        0x8 Src/main.o
                0x080079ec                init_timing
 .text.DHT_Error
                0x080079f4       0x18 Src/main.o
                0x080079f4                DHT_Error
 .text.Str_day_of_week
                0x08007a0c       0x54 Src/main.o
                0x08007a0c                Str_day_of_week
 .text.clear_sentence
                0x08007a60       0x10 Src/main.o
                0x08007a60                clear_sentence
 .text._Error_Handler
                0x08007a70        0x2 Src/main.o
                0x08007a70                _Error_Handler
 *fill*         0x08007a72        0x2 
 .text.WriteLongFile
                0x08007a74       0x80 Src/main.o
                0x08007a74                WriteLongFile
 .text.fullpower
                0x08007af4       0x98 Src/main.o
                0x08007af4                fullpower
 .text.lowpower
                0x08007b8c       0x98 Src/main.o
                0x08007b8c                lowpower
 .text.poweroff
                0x08007c24       0x90 Src/main.o
                0x08007c24                poweroff
 .text.CheckAvailableData
                0x08007cb4       0xe0 Src/main.o
                0x08007cb4                CheckAvailableData
 .text.TransmitBarometerData
                0x08007d94      0x240 Src/main.o
                0x08007d94                TransmitBarometerData
 .text.BMP_Error
                0x08007fd4       0xa4 Src/main.o
                0x08007fd4                BMP_Error
 .text.RTC_WriteData
                0x08008078       0xac Src/main.o
                0x08008078                RTC_WriteData
 .text.WritetHygrometerData
                0x08008124       0xb8 Src/main.o
                0x08008124                WritetHygrometerData
 .text.HygrometerCSError
                0x080081dc       0x5c Src/main.o
                0x080081dc                HygrometerCSError
 .text.HygrometerNOConnection
                0x08008238       0x5c Src/main.o
                0x08008238                HygrometerNOConnection
 .text.SystemClock_Config
                0x08008294       0xc4 Src/main.o
                0x08008294                SystemClock_Config
 .text.main     0x08008358      0x228 Src/main.o
                0x08008358                main
 .text.assert_failed
                0x08008580        0x2 Src/main.o
                0x08008580                assert_failed
 *fill*         0x08008582        0x2 
 .text.SPIx_WriteRead
                0x08008584       0x38 Src/sd.o
                0x08008584                SPIx_WriteRead
 .text.SD_PowerOn
                0x080085bc       0x18 Src/sd.o
                0x080085bc                SD_PowerOn
 .text.SPI_SendByte
                0x080085d4        0x8 Src/sd.o
                0x080085d4                SPI_SendByte
 .text.SPI_ReceiveByte
                0x080085dc        0xa Src/sd.o
                0x080085dc                SPI_ReceiveByte
 .text.SPI_Release
                0x080085e6        0xa Src/sd.o
                0x080085e6                SPI_Release
 .text.SPI_wait_ready
                0x080085f0       0x26 Src/sd.o
                0x080085f0                SPI_wait_ready
 *fill*         0x08008616        0x2 
 .text.SD_cmd   0x08008618       0x90 Src/sd.o
                0x08008618                SD_cmd
 .text.SD_Read_Block
                0x080086a8       0x58 Src/sd.o
                0x080086a8                SD_Read_Block
 .text.SD_Write_Block
                0x08008700       0x6c Src/sd.o
                0x08008700                SD_Write_Block
 .text.SD_Init  0x0800876c      0x264 Src/sd.o
                0x0800876c                SD_Init
 .text.MX_SPI2_Init
                0x080089d0       0x48 Src/spi.o
                0x080089d0                MX_SPI2_Init
 .text.HAL_SPI_MspInit
                0x08008a18       0x54 Src/spi.o
                0x08008a18                HAL_SPI_MspInit
 .text.HAL_MspInit
                0x08008a6c       0x94 Src/stm32f4xx_hal_msp.o
                0x08008a6c                HAL_MspInit
 .text.NMI_Handler
                0x08008b00        0x2 Src/stm32f4xx_it.o
                0x08008b00                NMI_Handler
 .text.HardFault_Handler
                0x08008b02        0x2 Src/stm32f4xx_it.o
                0x08008b02                HardFault_Handler
 .text.MemManage_Handler
                0x08008b04        0x2 Src/stm32f4xx_it.o
                0x08008b04                MemManage_Handler
 .text.BusFault_Handler
                0x08008b06        0x2 Src/stm32f4xx_it.o
                0x08008b06                BusFault_Handler
 .text.UsageFault_Handler
                0x08008b08        0x2 Src/stm32f4xx_it.o
                0x08008b08                UsageFault_Handler
 .text.SVC_Handler
                0x08008b0a        0x2 Src/stm32f4xx_it.o
                0x08008b0a                SVC_Handler
 .text.DebugMon_Handler
                0x08008b0c        0x2 Src/stm32f4xx_it.o
                0x08008b0c                DebugMon_Handler
 .text.PendSV_Handler
                0x08008b0e        0x2 Src/stm32f4xx_it.o
                0x08008b0e                PendSV_Handler
 .text.SysTick_Handler
                0x08008b10        0xc Src/stm32f4xx_it.o
                0x08008b10                SysTick_Handler
 .text.TIM1_TRG_COM_TIM11_IRQHandler
                0x08008b1c       0x10 Src/stm32f4xx_it.o
                0x08008b1c                TIM1_TRG_COM_TIM11_IRQHandler
 .text.TIM2_IRQHandler
                0x08008b2c       0x10 Src/stm32f4xx_it.o
                0x08008b2c                TIM2_IRQHandler
 .text.USART1_IRQHandler
                0x08008b3c       0x10 Src/stm32f4xx_it.o
                0x08008b3c                USART1_IRQHandler
 .text.SystemInit
                0x08008b4c       0x4c Src/system_stm32f4xx.o
                0x08008b4c                SystemInit
 .text.MX_TIM2_Init
                0x08008b98       0x70 Src/tim.o
                0x08008b98                MX_TIM2_Init
 .text.MX_TIM11_Init
                0x08008c08       0x38 Src/tim.o
                0x08008c08                MX_TIM11_Init
 .text.HAL_TIM_Base_MspInit
                0x08008c40       0x74 Src/tim.o
                0x08008c40                HAL_TIM_Base_MspInit
 .text.HAL_TIM_PeriodElapsedCallback
                0x08008cb4       0x38 Src/us_timing.o
                0x08008cb4                HAL_TIM_PeriodElapsedCallback
 .text.TIM11_reinit
                0x08008cec       0x3c Src/us_timing.o
                0x08008cec                TIM11_reinit
 .text.reset_TIM11_cycles
                0x08008d28       0x18 Src/us_timing.o
                0x08008d28                reset_TIM11_cycles
 .text.MX_USART1_UART_Init
                0x08008d40       0x3c Src/usart.o
                0x08008d40                MX_USART1_UART_Init
 .text.HAL_UART_MspInit
                0x08008d7c       0x64 Src/usart.o
                0x08008d7c                HAL_UART_MspInit
 .text.USER_status
                0x08008de0       0x2c Src/user_diskio.o
                0x08008de0                USER_status
 .text.USER_initialize
                0x08008e0c       0x38 Src/user_diskio.o
                0x08008e0c                USER_initialize
 .text.USER_read
                0x08008e44       0x78 Src/user_diskio.o
                0x08008e44                USER_read
 .text.USER_write
                0x08008ebc       0x84 Src/user_diskio.o
                0x08008ebc                USER_write
 .text.USER_ioctl
                0x08008f40       0x7c Src/user_diskio.o
                0x08008f40                USER_ioctl
 .text.Reset_Handler
                0x08008fbc       0x50 startup/startup_stm32f411xe.o
                0x08008fbc                Reset_Handler
 .text.Default_Handler
                0x0800900c        0x2 startup/startup_stm32f411xe.o
                0x0800900c                RTC_Alarm_IRQHandler
                0x0800900c                EXTI2_IRQHandler
                0x0800900c                SPI4_IRQHandler
                0x0800900c                TIM1_CC_IRQHandler
                0x0800900c                DMA2_Stream5_IRQHandler
                0x0800900c                DMA1_Stream5_IRQHandler
                0x0800900c                PVD_IRQHandler
                0x0800900c                SDIO_IRQHandler
                0x0800900c                TAMP_STAMP_IRQHandler
                0x0800900c                EXTI3_IRQHandler
                0x0800900c                TIM1_UP_TIM10_IRQHandler
                0x0800900c                I2C3_ER_IRQHandler
                0x0800900c                EXTI0_IRQHandler
                0x0800900c                I2C2_EV_IRQHandler
                0x0800900c                DMA1_Stream2_IRQHandler
                0x0800900c                FPU_IRQHandler
                0x0800900c                DMA2_Stream2_IRQHandler
                0x0800900c                SPI1_IRQHandler
                0x0800900c                TIM1_BRK_TIM9_IRQHandler
                0x0800900c                DMA2_Stream3_IRQHandler
                0x0800900c                USART6_IRQHandler
                0x0800900c                DMA2_Stream0_IRQHandler
                0x0800900c                TIM4_IRQHandler
                0x0800900c                I2C1_EV_IRQHandler
                0x0800900c                DMA1_Stream6_IRQHandler
                0x0800900c                DMA1_Stream1_IRQHandler
                0x0800900c                TIM3_IRQHandler
                0x0800900c                RCC_IRQHandler
                0x0800900c                Default_Handler
                0x0800900c                EXTI15_10_IRQHandler
                0x0800900c                ADC_IRQHandler
                0x0800900c                DMA1_Stream7_IRQHandler
                0x0800900c                SPI5_IRQHandler
                0x0800900c                TIM5_IRQHandler
                0x0800900c                DMA2_Stream7_IRQHandler
                0x0800900c                I2C3_EV_IRQHandler
                0x0800900c                EXTI9_5_IRQHandler
                0x0800900c                RTC_WKUP_IRQHandler
                0x0800900c                SPI2_IRQHandler
                0x0800900c                DMA1_Stream0_IRQHandler
                0x0800900c                EXTI4_IRQHandler
                0x0800900c                WWDG_IRQHandler
                0x0800900c                OTG_FS_WKUP_IRQHandler
                0x0800900c                EXTI1_IRQHandler
                0x0800900c                USART2_IRQHandler
                0x0800900c                I2C2_ER_IRQHandler
                0x0800900c                DMA2_Stream1_IRQHandler
                0x0800900c                FLASH_IRQHandler
                0x0800900c                DMA2_Stream4_IRQHandler
                0x0800900c                OTG_FS_IRQHandler
                0x0800900c                SPI3_IRQHandler
                0x0800900c                DMA1_Stream4_IRQHandler
                0x0800900c                I2C1_ER_IRQHandler
                0x0800900c                DMA2_Stream6_IRQHandler
                0x0800900c                DMA1_Stream3_IRQHandler
 *fill*         0x0800900e        0x2 
 .text.__libc_init_array
                0x08009010       0x48 c:/ac6/systemworkbench/plugins/fr.ac6.mcu.externaltools.arm-none.win32_1.16.0.201807130628/tools/compiler/bin/../lib/gcc/arm-none-eabi/7.2.1/../../../../arm-none-eabi/lib/thumb/v7e-m/fpv4-sp/hard\libc.a(lib_a-init.o)
                0x08009010                __libc_init_array
 .text.__itoa   0x08009058       0x38 c:/ac6/systemworkbench/plugins/fr.ac6.mcu.externaltools.arm-none.win32_1.16.0.201807130628/tools/compiler/bin/../lib/gcc/arm-none-eabi/7.2.1/../../../../arm-none-eabi/lib/thumb/v7e-m/fpv4-sp/hard\libc.a(lib_a-itoa.o)
                0x08009058                __itoa
 .text.itoa     0x08009090        0x4 c:/ac6/systemworkbench/plugins/fr.ac6.mcu.externaltools.arm-none.win32_1.16.0.201807130628/tools/compiler/bin/../lib/gcc/arm-none-eabi/7.2.1/../../../../arm-none-eabi/lib/thumb/v7e-m/fpv4-sp/hard\libc.a(lib_a-itoa.o)
                0x08009090                itoa
 .text.memset   0x08009094       0x94 c:/ac6/systemworkbench/plugins/fr.ac6.mcu.externaltools.arm-none.win32_1.16.0.201807130628/tools/compiler/bin/../lib/gcc/arm-none-eabi/7.2.1/../../../../arm-none-eabi/lib/thumb/v7e-m/fpv4-sp/hard\libc.a(lib_a-memset.o)
                0x08009094                memset
 .text.printf   0x08009128       0x28 c:/ac6/systemworkbench/plugins/fr.ac6.mcu.externaltools.arm-none.win32_1.16.0.201807130628/tools/compiler/bin/../lib/gcc/arm-none-eabi/7.2.1/../../../../arm-none-eabi/lib/thumb/v7e-m/fpv4-sp/hard\libc.a(lib_a-printf.o)
                0x08009128                printf
 .text._puts_r  0x08009150       0x9c c:/ac6/systemworkbench/plugins/fr.ac6.mcu.externaltools.arm-none.win32_1.16.0.201807130628/tools/compiler/bin/../lib/gcc/arm-none-eabi/7.2.1/../../../../arm-none-eabi/lib/thumb/v7e-m/fpv4-sp/hard\libc.a(lib_a-puts.o)
                0x08009150                _puts_r
 .text.puts     0x080091ec       0x10 c:/ac6/systemworkbench/plugins/fr.ac6.mcu.externaltools.arm-none.win32_1.16.0.201807130628/tools/compiler/bin/../lib/gcc/arm-none-eabi/7.2.1/../../../../arm-none-eabi/lib/thumb/v7e-m/fpv4-sp/hard\libc.a(lib_a-puts.o)
                0x080091ec                puts
 .text.sprintf  0x080091fc       0x44 c:/ac6/systemworkbench/plugins/fr.ac6.mcu.externaltools.arm-none.win32_1.16.0.201807130628/tools/compiler/bin/../lib/gcc/arm-none-eabi/7.2.1/../../../../arm-none-eabi/lib/thumb/v7e-m/fpv4-sp/hard\libc.a(lib_a-sprintf.o)
                0x080091fc                sprintf
 .text._svfprintf_r
                0x08009240     0x144c c:/ac6/systemworkbench/plugins/fr.ac6.mcu.externaltools.arm-none.win32_1.16.0.201807130628/tools/compiler/bin/../lib/gcc/arm-none-eabi/7.2.1/../../../../arm-none-eabi/lib/thumb/v7e-m/fpv4-sp/hard\libc.a(lib_a-svfprintf.o)
                0x08009240                _svfprintf_r
 .text.__utoa   0x0800a68c       0x80 c:/ac6/systemworkbench/plugins/fr.ac6.mcu.externaltools.arm-none.win32_1.16.0.201807130628/tools/compiler/bin/../lib/gcc/arm-none-eabi/7.2.1/../../../../arm-none-eabi/lib/thumb/v7e-m/fpv4-sp/hard\libc.a(lib_a-utoa.o)
                0x0800a68c                __utoa
 *fill*         0x0800a70c        0x4 
 .text._vfprintf_r
                0x0800a710     0x150c c:/ac6/systemworkbench/plugins/fr.ac6.mcu.externaltools.arm-none.win32_1.16.0.201807130628/tools/compiler/bin/../lib/gcc/arm-none-eabi/7.2.1/../../../../arm-none-eabi/lib/thumb/v7e-m/fpv4-sp/hard\libc.a(lib_a-vfprintf.o)
                0x0800a710                _vfprintf_r
 .text.__sbprintf
                0x0800bc1c       0x84 c:/ac6/systemworkbench/plugins/fr.ac6.mcu.externaltools.arm-none.win32_1.16.0.201807130628/tools/compiler/bin/../lib/gcc/arm-none-eabi/7.2.1/../../../../arm-none-eabi/lib/thumb/v7e-m/fpv4-sp/hard\libc.a(lib_a-vfprintf.o)
 .text.__swsetup_r
                0x0800bca0       0xcc c:/ac6/systemworkbench/plugins/fr.ac6.mcu.externaltools.arm-none.win32_1.16.0.201807130628/tools/compiler/bin/../lib/gcc/arm-none-eabi/7.2.1/../../../../arm-none-eabi/lib/thumb/v7e-m/fpv4-sp/hard\libc.a(lib_a-wsetup.o)
                0x0800bca0                __swsetup_r
 .text.startup.register_fini
                0x0800bd6c       0x14 c:/ac6/systemworkbench/plugins/fr.ac6.mcu.externaltools.arm-none.win32_1.16.0.201807130628/tools/compiler/bin/../lib/gcc/arm-none-eabi/7.2.1/../../../../arm-none-eabi/lib/thumb/v7e-m/fpv4-sp/hard\libc.a(lib_a-__call_atexit.o)
 .text.atexit   0x0800bd80        0xc c:/ac6/systemworkbench/plugins/fr.ac6.mcu.externaltools.arm-none.win32_1.16.0.201807130628/tools/compiler/bin/../lib/gcc/arm-none-eabi/7.2.1/../../../../arm-none-eabi/lib/thumb/v7e-m/fpv4-sp/hard\libc.a(lib_a-atexit.o)
                0x0800bd80                atexit
 .text.quorem   0x0800bd8c      0x124 c:/ac6/systemworkbench/plugins/fr.ac6.mcu.externaltools.arm-none.win32_1.16.0.201807130628/tools/compiler/bin/../lib/gcc/arm-none-eabi/7.2.1/../../../../arm-none-eabi/lib/thumb/v7e-m/fpv4-sp/hard\libc.a(lib_a-dtoa.o)
 .text._dtoa_r  0x0800beb0      0xe28 c:/ac6/systemworkbench/plugins/fr.ac6.mcu.externaltools.arm-none.win32_1.16.0.201807130628/tools/compiler/bin/../lib/gcc/arm-none-eabi/7.2.1/../../../../arm-none-eabi/lib/thumb/v7e-m/fpv4-sp/hard\libc.a(lib_a-dtoa.o)
                0x0800beb0                _dtoa_r
 .text.__sflush_r
                0x0800ccd8      0x154 c:/ac6/systemworkbench/plugins/fr.ac6.mcu.externaltools.arm-none.win32_1.16.0.201807130628/tools/compiler/bin/../lib/gcc/arm-none-eabi/7.2.1/../../../../arm-none-eabi/lib/thumb/v7e-m/fpv4-sp/hard\libc.a(lib_a-fflush.o)
                0x0800ccd8                __sflush_r
 .text._fflush_r
                0x0800ce2c       0x5c c:/ac6/systemworkbench/plugins/fr.ac6.mcu.externaltools.arm-none.win32_1.16.0.201807130628/tools/compiler/bin/../lib/gcc/arm-none-eabi/7.2.1/../../../../arm-none-eabi/lib/thumb/v7e-m/fpv4-sp/hard\libc.a(lib_a-fflush.o)
                0x0800ce2c                _fflush_r
 .text.std      0x0800ce88       0x50 c:/ac6/systemworkbench/plugins/fr.ac6.mcu.externaltools.arm-none.win32_1.16.0.201807130628/tools/compiler/bin/../lib/gcc/arm-none-eabi/7.2.1/../../../../arm-none-eabi/lib/thumb/v7e-m/fpv4-sp/hard\libc.a(lib_a-findfp.o)
 .text._cleanup_r
                0x0800ced8        0xc c:/ac6/systemworkbench/plugins/fr.ac6.mcu.externaltools.arm-none.win32_1.16.0.201807130628/tools/compiler/bin/../lib/gcc/arm-none-eabi/7.2.1/../../../../arm-none-eabi/lib/thumb/v7e-m/fpv4-sp/hard\libc.a(lib_a-findfp.o)
                0x0800ced8                _cleanup_r
 .text.__sinit  0x0800cee4       0x58 c:/ac6/systemworkbench/plugins/fr.ac6.mcu.externaltools.arm-none.win32_1.16.0.201807130628/tools/compiler/bin/../lib/gcc/arm-none-eabi/7.2.1/../../../../arm-none-eabi/lib/thumb/v7e-m/fpv4-sp/hard\libc.a(lib_a-findfp.o)
                0x0800cee4                __sinit
 .text.__sfp_lock_acquire
                0x0800cf3c        0xc c:/ac6/systemworkbench/plugins/fr.ac6.mcu.externaltools.arm-none.win32_1.16.0.201807130628/tools/compiler/bin/../lib/gcc/arm-none-eabi/7.2.1/../../../../arm-none-eabi/lib/thumb/v7e-m/fpv4-sp/hard\libc.a(lib_a-findfp.o)
                0x0800cf3c                __sfp_lock_acquire
 .text.__sfp_lock_release
                0x0800cf48        0xc c:/ac6/systemworkbench/plugins/fr.ac6.mcu.externaltools.arm-none.win32_1.16.0.201807130628/tools/compiler/bin/../lib/gcc/arm-none-eabi/7.2.1/../../../../arm-none-eabi/lib/thumb/v7e-m/fpv4-sp/hard\libc.a(lib_a-findfp.o)
                0x0800cf48                __sfp_lock_release
 .text.__libc_fini_array
                0x0800cf54       0x34 c:/ac6/systemworkbench/plugins/fr.ac6.mcu.externaltools.arm-none.win32_1.16.0.201807130628/tools/compiler/bin/../lib/gcc/arm-none-eabi/7.2.1/../../../../arm-none-eabi/lib/thumb/v7e-m/fpv4-sp/hard\libc.a(lib_a-fini.o)
                0x0800cf54                __libc_fini_array
 .text._malloc_trim_r
                0x0800cf88       0xa0 c:/ac6/systemworkbench/plugins/fr.ac6.mcu.externaltools.arm-none.win32_1.16.0.201807130628/tools/compiler/bin/../lib/gcc/arm-none-eabi/7.2.1/../../../../arm-none-eabi/lib/thumb/v7e-m/fpv4-sp/hard\libc.a(lib_a-freer.o)
                0x0800cf88                _malloc_trim_r
 .text._free_r  0x0800d028      0x1e8 c:/ac6/systemworkbench/plugins/fr.ac6.mcu.externaltools.arm-none.win32_1.16.0.201807130628/tools/compiler/bin/../lib/gcc/arm-none-eabi/7.2.1/../../../../arm-none-eabi/lib/thumb/v7e-m/fpv4-sp/hard\libc.a(lib_a-freer.o)
                0x0800d028                _free_r
 .text.__sfvwrite_r
                0x0800d210      0x2fc c:/ac6/systemworkbench/plugins/fr.ac6.mcu.externaltools.arm-none.win32_1.16.0.201807130628/tools/compiler/bin/../lib/gcc/arm-none-eabi/7.2.1/../../../../arm-none-eabi/lib/thumb/v7e-m/fpv4-sp/hard\libc.a(lib_a-fvwrite.o)
                0x0800d210                __sfvwrite_r
 .text._fwalk_reent
                0x0800d50c       0x54 c:/ac6/systemworkbench/plugins/fr.ac6.mcu.externaltools.arm-none.win32_1.16.0.201807130628/tools/compiler/bin/../lib/gcc/arm-none-eabi/7.2.1/../../../../arm-none-eabi/lib/thumb/v7e-m/fpv4-sp/hard\libc.a(lib_a-fwalk.o)
                0x0800d50c                _fwalk_reent
 .text._localeconv_r
                0x0800d560       0x1c c:/ac6/systemworkbench/plugins/fr.ac6.mcu.externaltools.arm-none.win32_1.16.0.201807130628/tools/compiler/bin/../lib/gcc/arm-none-eabi/7.2.1/../../../../arm-none-eabi/lib/thumb/v7e-m/fpv4-sp/hard\libc.a(lib_a-localeconv.o)
                0x0800d560                _localeconv_r
 .text.__retarget_lock_init_recursive
                0x0800d57c        0x4 c:/ac6/systemworkbench/plugins/fr.ac6.mcu.externaltools.arm-none.win32_1.16.0.201807130628/tools/compiler/bin/../lib/gcc/arm-none-eabi/7.2.1/../../../../arm-none-eabi/lib/thumb/v7e-m/fpv4-sp/hard\libc.a(lib_a-lock.o)
                0x0800d57c                __retarget_lock_init_recursive
 .text.__retarget_lock_close_recursive
                0x0800d580        0x4 c:/ac6/systemworkbench/plugins/fr.ac6.mcu.externaltools.arm-none.win32_1.16.0.201807130628/tools/compiler/bin/../lib/gcc/arm-none-eabi/7.2.1/../../../../arm-none-eabi/lib/thumb/v7e-m/fpv4-sp/hard\libc.a(lib_a-lock.o)
                0x0800d580                __retarget_lock_close_recursive
 .text.__retarget_lock_acquire_recursive
                0x0800d584        0x4 c:/ac6/systemworkbench/plugins/fr.ac6.mcu.externaltools.arm-none.win32_1.16.0.201807130628/tools/compiler/bin/../lib/gcc/arm-none-eabi/7.2.1/../../../../arm-none-eabi/lib/thumb/v7e-m/fpv4-sp/hard\libc.a(lib_a-lock.o)
                0x0800d584                __retarget_lock_acquire_recursive
 .text.__retarget_lock_release_recursive
                0x0800d588        0x4 c:/ac6/systemworkbench/plugins/fr.ac6.mcu.externaltools.arm-none.win32_1.16.0.201807130628/tools/compiler/bin/../lib/gcc/arm-none-eabi/7.2.1/../../../../arm-none-eabi/lib/thumb/v7e-m/fpv4-sp/hard\libc.a(lib_a-lock.o)
                0x0800d588                __retarget_lock_release_recursive
 .text.__swhatbuf_r
                0x0800d58c       0x5c c:/ac6/systemworkbench/plugins/fr.ac6.mcu.externaltools.arm-none.win32_1.16.0.201807130628/tools/compiler/bin/../lib/gcc/arm-none-eabi/7.2.1/../../../../arm-none-eabi/lib/thumb/v7e-m/fpv4-sp/hard\libc.a(lib_a-makebuf.o)
                0x0800d58c                __swhatbuf_r
 .text.__smakebuf_r
                0x0800d5e8       0x94 c:/ac6/systemworkbench/plugins/fr.ac6.mcu.externaltools.arm-none.win32_1.16.0.201807130628/tools/compiler/bin/../lib/gcc/arm-none-eabi/7.2.1/../../../../arm-none-eabi/lib/thumb/v7e-m/fpv4-sp/hard\libc.a(lib_a-makebuf.o)
                0x0800d5e8                __smakebuf_r
 .text._malloc_r
                0x0800d67c      0x548 c:/ac6/systemworkbench/plugins/fr.ac6.mcu.externaltools.arm-none.win32_1.16.0.201807130628/tools/compiler/bin/../lib/gcc/arm-none-eabi/7.2.1/../../../../arm-none-eabi/lib/thumb/v7e-m/fpv4-sp/hard\libc.a(lib_a-mallocr.o)
                0x0800d67c                _malloc_r
 .text.memmove  0x0800dbc4       0xc8 c:/ac6/systemworkbench/plugins/fr.ac6.mcu.externaltools.arm-none.win32_1.16.0.201807130628/tools/compiler/bin/../lib/gcc/arm-none-eabi/7.2.1/../../../../arm-none-eabi/lib/thumb/v7e-m/fpv4-sp/hard\libc.a(lib_a-memmove.o)
                0x0800dbc4                memmove
 .text.__malloc_lock
                0x0800dc8c        0xc c:/ac6/systemworkbench/plugins/fr.ac6.mcu.externaltools.arm-none.win32_1.16.0.201807130628/tools/compiler/bin/../lib/gcc/arm-none-eabi/7.2.1/../../../../arm-none-eabi/lib/thumb/v7e-m/fpv4-sp/hard\libc.a(lib_a-mlock.o)
                0x0800dc8c                __malloc_lock
 .text.__malloc_unlock
                0x0800dc98        0xc c:/ac6/systemworkbench/plugins/fr.ac6.mcu.externaltools.arm-none.win32_1.16.0.201807130628/tools/compiler/bin/../lib/gcc/arm-none-eabi/7.2.1/../../../../arm-none-eabi/lib/thumb/v7e-m/fpv4-sp/hard\libc.a(lib_a-mlock.o)
                0x0800dc98                __malloc_unlock
 .text._Balloc  0x0800dca4       0x4c c:/ac6/systemworkbench/plugins/fr.ac6.mcu.externaltools.arm-none.win32_1.16.0.201807130628/tools/compiler/bin/../lib/gcc/arm-none-eabi/7.2.1/../../../../arm-none-eabi/lib/thumb/v7e-m/fpv4-sp/hard\libc.a(lib_a-mprec.o)
                0x0800dca4                _Balloc
 .text._Bfree   0x0800dcf0       0x14 c:/ac6/systemworkbench/plugins/fr.ac6.mcu.externaltools.arm-none.win32_1.16.0.201807130628/tools/compiler/bin/../lib/gcc/arm-none-eabi/7.2.1/../../../../arm-none-eabi/lib/thumb/v7e-m/fpv4-sp/hard\libc.a(lib_a-mprec.o)
                0x0800dcf0                _Bfree
 .text.__multadd
                0x0800dd04       0x80 c:/ac6/systemworkbench/plugins/fr.ac6.mcu.externaltools.arm-none.win32_1.16.0.201807130628/tools/compiler/bin/../lib/gcc/arm-none-eabi/7.2.1/../../../../arm-none-eabi/lib/thumb/v7e-m/fpv4-sp/hard\libc.a(lib_a-mprec.o)
                0x0800dd04                __multadd
 .text.__hi0bits
                0x0800dd84       0x40 c:/ac6/systemworkbench/plugins/fr.ac6.mcu.externaltools.arm-none.win32_1.16.0.201807130628/tools/compiler/bin/../lib/gcc/arm-none-eabi/7.2.1/../../../../arm-none-eabi/lib/thumb/v7e-m/fpv4-sp/hard\libc.a(lib_a-mprec.o)
                0x0800dd84                __hi0bits
 .text.__lo0bits
                0x0800ddc4       0x60 c:/ac6/systemworkbench/plugins/fr.ac6.mcu.externaltools.arm-none.win32_1.16.0.201807130628/tools/compiler/bin/../lib/gcc/arm-none-eabi/7.2.1/../../../../arm-none-eabi/lib/thumb/v7e-m/fpv4-sp/hard\libc.a(lib_a-mprec.o)
                0x0800ddc4                __lo0bits
 .text.__i2b    0x0800de24       0x14 c:/ac6/systemworkbench/plugins/fr.ac6.mcu.externaltools.arm-none.win32_1.16.0.201807130628/tools/compiler/bin/../lib/gcc/arm-none-eabi/7.2.1/../../../../arm-none-eabi/lib/thumb/v7e-m/fpv4-sp/hard\libc.a(lib_a-mprec.o)
                0x0800de24                __i2b
 .text.__multiply
                0x0800de38      0x14c c:/ac6/systemworkbench/plugins/fr.ac6.mcu.externaltools.arm-none.win32_1.16.0.201807130628/tools/compiler/bin/../lib/gcc/arm-none-eabi/7.2.1/../../../../arm-none-eabi/lib/thumb/v7e-m/fpv4-sp/hard\libc.a(lib_a-mprec.o)
                0x0800de38                __multiply
 .text.__pow5mult
                0x0800df84       0xa0 c:/ac6/systemworkbench/plugins/fr.ac6.mcu.externaltools.arm-none.win32_1.16.0.201807130628/tools/compiler/bin/../lib/gcc/arm-none-eabi/7.2.1/../../../../arm-none-eabi/lib/thumb/v7e-m/fpv4-sp/hard\libc.a(lib_a-mprec.o)
                0x0800df84                __pow5mult
 .text.__lshift
                0x0800e024       0xac c:/ac6/systemworkbench/plugins/fr.ac6.mcu.externaltools.arm-none.win32_1.16.0.201807130628/tools/compiler/bin/../lib/gcc/arm-none-eabi/7.2.1/../../../../arm-none-eabi/lib/thumb/v7e-m/fpv4-sp/hard\libc.a(lib_a-mprec.o)
                0x0800e024                __lshift
 .text.__mcmp   0x0800e0d0       0x38 c:/ac6/systemworkbench/plugins/fr.ac6.mcu.externaltools.arm-none.win32_1.16.0.201807130628/tools/compiler/bin/../lib/gcc/arm-none-eabi/7.2.1/../../../../arm-none-eabi/lib/thumb/v7e-m/fpv4-sp/hard\libc.a(lib_a-mprec.o)
                0x0800e0d0                __mcmp
 .text.__mdiff  0x0800e108       0xec c:/ac6/systemworkbench/plugins/fr.ac6.mcu.externaltools.arm-none.win32_1.16.0.201807130628/tools/compiler/bin/../lib/gcc/arm-none-eabi/7.2.1/../../../../arm-none-eabi/lib/thumb/v7e-m/fpv4-sp/hard\libc.a(lib_a-mprec.o)
                0x0800e108                __mdiff
 .text.__d2b    0x0800e1f4       0xc4 c:/ac6/systemworkbench/plugins/fr.ac6.mcu.externaltools.arm-none.win32_1.16.0.201807130628/tools/compiler/bin/../lib/gcc/arm-none-eabi/7.2.1/../../../../arm-none-eabi/lib/thumb/v7e-m/fpv4-sp/hard\libc.a(lib_a-mprec.o)
                0x0800e1f4                __d2b
 .text._realloc_r
                0x0800e2b8      0x35c c:/ac6/systemworkbench/plugins/fr.ac6.mcu.externaltools.arm-none.win32_1.16.0.201807130628/tools/compiler/bin/../lib/gcc/arm-none-eabi/7.2.1/../../../../arm-none-eabi/lib/thumb/v7e-m/fpv4-sp/hard\libc.a(lib_a-reallocr.o)
                0x0800e2b8                _realloc_r
 .text._sbrk_r  0x0800e614       0x24 c:/ac6/systemworkbench/plugins/fr.ac6.mcu.externaltools.arm-none.win32_1.16.0.201807130628/tools/compiler/bin/../lib/gcc/arm-none-eabi/7.2.1/../../../../arm-none-eabi/lib/thumb/v7e-m/fpv4-sp/hard\libc.a(lib_a-sbrkr.o)
                0x0800e614                _sbrk_r
 .text.__sread  0x0800e638       0x24 c:/ac6/systemworkbench/plugins/fr.ac6.mcu.externaltools.arm-none.win32_1.16.0.201807130628/tools/compiler/bin/../lib/gcc/arm-none-eabi/7.2.1/../../../../arm-none-eabi/lib/thumb/v7e-m/fpv4-sp/hard\libc.a(lib_a-stdio.o)
                0x0800e638                __sread
 .text.__swrite
                0x0800e65c       0x3c c:/ac6/systemworkbench/plugins/fr.ac6.mcu.externaltools.arm-none.win32_1.16.0.201807130628/tools/compiler/bin/../lib/gcc/arm-none-eabi/7.2.1/../../../../arm-none-eabi/lib/thumb/v7e-m/fpv4-sp/hard\libc.a(lib_a-stdio.o)
                0x0800e65c                __swrite
 .text.__sseek  0x0800e698       0x20 c:/ac6/systemworkbench/plugins/fr.ac6.mcu.externaltools.arm-none.win32_1.16.0.201807130628/tools/compiler/bin/../lib/gcc/arm-none-eabi/7.2.1/../../../../arm-none-eabi/lib/thumb/v7e-m/fpv4-sp/hard\libc.a(lib_a-stdio.o)
                0x0800e698                __sseek
 .text.__sclose
                0x0800e6b8        0x8 c:/ac6/systemworkbench/plugins/fr.ac6.mcu.externaltools.arm-none.win32_1.16.0.201807130628/tools/compiler/bin/../lib/gcc/arm-none-eabi/7.2.1/../../../../arm-none-eabi/lib/thumb/v7e-m/fpv4-sp/hard\libc.a(lib_a-stdio.o)
                0x0800e6b8                __sclose
 .text.__ssprint_r
                0x0800e6c0       0xf4 c:/ac6/systemworkbench/plugins/fr.ac6.mcu.externaltools.arm-none.win32_1.16.0.201807130628/tools/compiler/bin/../lib/gcc/arm-none-eabi/7.2.1/../../../../arm-none-eabi/lib/thumb/v7e-m/fpv4-sp/hard\libc.a(lib_a-svfiprintf.o)
                0x0800e6c0                __ssprint_r
 .text.__sprint_r.part.0
                0x0800e7b4       0x78 c:/ac6/systemworkbench/plugins/fr.ac6.mcu.externaltools.arm-none.win32_1.16.0.201807130628/tools/compiler/bin/../lib/gcc/arm-none-eabi/7.2.1/../../../../arm-none-eabi/lib/thumb/v7e-m/fpv4-sp/hard\libc.a(lib_a-vfiprintf.o)
 .text.__sprint_r
                0x0800e82c       0x14 c:/ac6/systemworkbench/plugins/fr.ac6.mcu.externaltools.arm-none.win32_1.16.0.201807130628/tools/compiler/bin/../lib/gcc/arm-none-eabi/7.2.1/../../../../arm-none-eabi/lib/thumb/v7e-m/fpv4-sp/hard\libc.a(lib_a-vfiprintf.o)
                0x0800e82c                __sprint_r
 .text.__swbuf_r
                0x0800e840       0xb0 c:/ac6/systemworkbench/plugins/fr.ac6.mcu.externaltools.arm-none.win32_1.16.0.201807130628/tools/compiler/bin/../lib/gcc/arm-none-eabi/7.2.1/../../../../arm-none-eabi/lib/thumb/v7e-m/fpv4-sp/hard\libc.a(lib_a-wbuf.o)
                0x0800e840                __swbuf_r
 .text._write_r
                0x0800e8f0       0x2c c:/ac6/systemworkbench/plugins/fr.ac6.mcu.externaltools.arm-none.win32_1.16.0.201807130628/tools/compiler/bin/../lib/gcc/arm-none-eabi/7.2.1/../../../../arm-none-eabi/lib/thumb/v7e-m/fpv4-sp/hard\libc.a(lib_a-writer.o)
                0x0800e8f0                _write_r
 .text.__register_exitproc
                0x0800e91c       0xc0 c:/ac6/systemworkbench/plugins/fr.ac6.mcu.externaltools.arm-none.win32_1.16.0.201807130628/tools/compiler/bin/../lib/gcc/arm-none-eabi/7.2.1/../../../../arm-none-eabi/lib/thumb/v7e-m/fpv4-sp/hard\libc.a(lib_a-__atexit.o)
                0x0800e91c                __register_exitproc
 .text._calloc_r
                0x0800e9dc       0x68 c:/ac6/systemworkbench/plugins/fr.ac6.mcu.externaltools.arm-none.win32_1.16.0.201807130628/tools/compiler/bin/../lib/gcc/arm-none-eabi/7.2.1/../../../../arm-none-eabi/lib/thumb/v7e-m/fpv4-sp/hard\libc.a(lib_a-callocr.o)
                0x0800e9dc                _calloc_r
 .text._close_r
                0x0800ea44       0x24 c:/ac6/systemworkbench/plugins/fr.ac6.mcu.externaltools.arm-none.win32_1.16.0.201807130628/tools/compiler/bin/../lib/gcc/arm-none-eabi/7.2.1/../../../../arm-none-eabi/lib/thumb/v7e-m/fpv4-sp/hard\libc.a(lib_a-closer.o)
                0x0800ea44                _close_r
 .text._fclose_r
                0x0800ea68       0xd0 c:/ac6/systemworkbench/plugins/fr.ac6.mcu.externaltools.arm-none.win32_1.16.0.201807130628/tools/compiler/bin/../lib/gcc/arm-none-eabi/7.2.1/../../../../arm-none-eabi/lib/thumb/v7e-m/fpv4-sp/hard\libc.a(lib_a-fclose.o)
                0x0800ea68                _fclose_r
 .text.__fputwc
                0x0800eb38       0xa0 c:/ac6/systemworkbench/plugins/fr.ac6.mcu.externaltools.arm-none.win32_1.16.0.201807130628/tools/compiler/bin/../lib/gcc/arm-none-eabi/7.2.1/../../../../arm-none-eabi/lib/thumb/v7e-m/fpv4-sp/hard\libc.a(lib_a-fputwc.o)
                0x0800eb38                __fputwc
 .text._fputwc_r
                0x0800ebd8       0x64 c:/ac6/systemworkbench/plugins/fr.ac6.mcu.externaltools.arm-none.win32_1.16.0.201807130628/tools/compiler/bin/../lib/gcc/arm-none-eabi/7.2.1/../../../../arm-none-eabi/lib/thumb/v7e-m/fpv4-sp/hard\libc.a(lib_a-fputwc.o)
                0x0800ebd8                _fputwc_r
 .text._fstat_r
                0x0800ec3c       0x28 c:/ac6/systemworkbench/plugins/fr.ac6.mcu.externaltools.arm-none.win32_1.16.0.201807130628/tools/compiler/bin/../lib/gcc/arm-none-eabi/7.2.1/../../../../arm-none-eabi/lib/thumb/v7e-m/fpv4-sp/hard\libc.a(lib_a-fstatr.o)
                0x0800ec3c                _fstat_r
 .text._isatty_r
                0x0800ec64       0x24 c:/ac6/systemworkbench/plugins/fr.ac6.mcu.externaltools.arm-none.win32_1.16.0.201807130628/tools/compiler/bin/../lib/gcc/arm-none-eabi/7.2.1/../../../../arm-none-eabi/lib/thumb/v7e-m/fpv4-sp/hard\libc.a(lib_a-isattyr.o)
                0x0800ec64                _isatty_r
 .text.__locale_mb_cur_max
                0x0800ec88       0x1c c:/ac6/systemworkbench/plugins/fr.ac6.mcu.externaltools.arm-none.win32_1.16.0.201807130628/tools/compiler/bin/../lib/gcc/arm-none-eabi/7.2.1/../../../../arm-none-eabi/lib/thumb/v7e-m/fpv4-sp/hard\libc.a(lib_a-locale.o)
                0x0800ec88                __locale_mb_cur_max
 .text._lseek_r
                0x0800eca4       0x2c c:/ac6/systemworkbench/plugins/fr.ac6.mcu.externaltools.arm-none.win32_1.16.0.201807130628/tools/compiler/bin/../lib/gcc/arm-none-eabi/7.2.1/../../../../arm-none-eabi/lib/thumb/v7e-m/fpv4-sp/hard\libc.a(lib_a-lseekr.o)
                0x0800eca4                _lseek_r
 .text.__ascii_mbtowc
                0x0800ecd0       0x2c c:/ac6/systemworkbench/plugins/fr.ac6.mcu.externaltools.arm-none.win32_1.16.0.201807130628/tools/compiler/bin/../lib/gcc/arm-none-eabi/7.2.1/../../../../arm-none-eabi/lib/thumb/v7e-m/fpv4-sp/hard\libc.a(lib_a-mbtowc_r.o)
                0x0800ecd0                __ascii_mbtowc
 .text._read_r  0x0800ecfc       0x2c c:/ac6/systemworkbench/plugins/fr.ac6.mcu.externaltools.arm-none.win32_1.16.0.201807130628/tools/compiler/bin/../lib/gcc/arm-none-eabi/7.2.1/../../../../arm-none-eabi/lib/thumb/v7e-m/fpv4-sp/hard\libc.a(lib_a-readr.o)
                0x0800ecfc                _read_r
 .text._wcrtomb_r
                0x0800ed28       0x50 c:/ac6/systemworkbench/plugins/fr.ac6.mcu.externaltools.arm-none.win32_1.16.0.201807130628/tools/compiler/bin/../lib/gcc/arm-none-eabi/7.2.1/../../../../arm-none-eabi/lib/thumb/v7e-m/fpv4-sp/hard\libc.a(lib_a-wcrtomb.o)
                0x0800ed28                _wcrtomb_r
 .text.__ascii_wctomb
                0x0800ed78       0x1c c:/ac6/systemworkbench/plugins/fr.ac6.mcu.externaltools.arm-none.win32_1.16.0.201807130628/tools/compiler/bin/../lib/gcc/arm-none-eabi/7.2.1/../../../../arm-none-eabi/lib/thumb/v7e-m/fpv4-sp/hard\libc.a(lib_a-wctomb_r.o)
                0x0800ed78                __ascii_wctomb
 .text.findslot
                0x0800ed94       0x38 c:/ac6/systemworkbench/plugins/fr.ac6.mcu.externaltools.arm-none.win32_1.16.0.201807130628/tools/compiler/bin/../lib/gcc/arm-none-eabi/7.2.1/../../../../arm-none-eabi/lib/thumb/v7e-m/fpv4-sp/hard\librdimon.a(rdimon-syscalls.o)
 .text.checkerror.part.0
                0x0800edcc       0x1c c:/ac6/systemworkbench/plugins/fr.ac6.mcu.externaltools.arm-none.win32_1.16.0.201807130628/tools/compiler/bin/../lib/gcc/arm-none-eabi/7.2.1/../../../../arm-none-eabi/lib/thumb/v7e-m/fpv4-sp/hard\librdimon.a(rdimon-syscalls.o)
 .text._read    0x0800ede8       0x50 c:/ac6/systemworkbench/plugins/fr.ac6.mcu.externaltools.arm-none.win32_1.16.0.201807130628/tools/compiler/bin/../lib/gcc/arm-none-eabi/7.2.1/../../../../arm-none-eabi/lib/thumb/v7e-m/fpv4-sp/hard\librdimon.a(rdimon-syscalls.o)
                0x0800ede8                _read
 .text._swilseek
                0x0800ee38       0x9c c:/ac6/systemworkbench/plugins/fr.ac6.mcu.externaltools.arm-none.win32_1.16.0.201807130628/tools/compiler/bin/../lib/gcc/arm-none-eabi/7.2.1/../../../../arm-none-eabi/lib/thumb/v7e-m/fpv4-sp/hard\librdimon.a(rdimon-syscalls.o)
                0x0800ee38                _swilseek
 .text._lseek   0x0800eed4        0x4 c:/ac6/systemworkbench/plugins/fr.ac6.mcu.externaltools.arm-none.win32_1.16.0.201807130628/tools/compiler/bin/../lib/gcc/arm-none-eabi/7.2.1/../../../../arm-none-eabi/lib/thumb/v7e-m/fpv4-sp/hard\librdimon.a(rdimon-syscalls.o)
                0x0800eed4                _lseek
 .text._write   0x0800eed8       0x74 c:/ac6/systemworkbench/plugins/fr.ac6.mcu.externaltools.arm-none.win32_1.16.0.201807130628/tools/compiler/bin/../lib/gcc/arm-none-eabi/7.2.1/../../../../arm-none-eabi/lib/thumb/v7e-m/fpv4-sp/hard\librdimon.a(rdimon-syscalls.o)
                0x0800eed8                _write
 .text._close   0x0800ef4c       0x6c c:/ac6/systemworkbench/plugins/fr.ac6.mcu.externaltools.arm-none.win32_1.16.0.201807130628/tools/compiler/bin/../lib/gcc/arm-none-eabi/7.2.1/../../../../arm-none-eabi/lib/thumb/v7e-m/fpv4-sp/hard\librdimon.a(rdimon-syscalls.o)
                0x0800ef4c                _close
 .text._sbrk    0x0800efb8       0x4c c:/ac6/systemworkbench/plugins/fr.ac6.mcu.externaltools.arm-none.win32_1.16.0.201807130628/tools/compiler/bin/../lib/gcc/arm-none-eabi/7.2.1/../../../../arm-none-eabi/lib/thumb/v7e-m/fpv4-sp/hard\librdimon.a(rdimon-syscalls.o)
                0x0800efb8                _sbrk
 .text._swistat
                0x0800f004       0x48 c:/ac6/systemworkbench/plugins/fr.ac6.mcu.externaltools.arm-none.win32_1.16.0.201807130628/tools/compiler/bin/../lib/gcc/arm-none-eabi/7.2.1/../../../../arm-none-eabi/lib/thumb/v7e-m/fpv4-sp/hard\librdimon.a(rdimon-syscalls.o)
                0x0800f004                _swistat
 .text._fstat   0x0800f04c       0x1c c:/ac6/systemworkbench/plugins/fr.ac6.mcu.externaltools.arm-none.win32_1.16.0.201807130628/tools/compiler/bin/../lib/gcc/arm-none-eabi/7.2.1/../../../../arm-none-eabi/lib/thumb/v7e-m/fpv4-sp/hard\librdimon.a(rdimon-syscalls.o)
                0x0800f04c                _fstat
 .text._stat    0x0800f068       0x3c c:/ac6/systemworkbench/plugins/fr.ac6.mcu.externaltools.arm-none.win32_1.16.0.201807130628/tools/compiler/bin/../lib/gcc/arm-none-eabi/7.2.1/../../../../arm-none-eabi/lib/thumb/v7e-m/fpv4-sp/hard\librdimon.a(rdimon-syscalls.o)
                0x0800f068                _stat
 .text._swiopen
                0x0800f0a4       0xd8 c:/ac6/systemworkbench/plugins/fr.ac6.mcu.externaltools.arm-none.win32_1.16.0.201807130628/tools/compiler/bin/../lib/gcc/arm-none-eabi/7.2.1/../../../../arm-none-eabi/lib/thumb/v7e-m/fpv4-sp/hard\librdimon.a(rdimon-syscalls.o)
                0x0800f0a4                _swiopen
 .text._get_semihosting_exts
                0x0800f17c       0xd0 c:/ac6/systemworkbench/plugins/fr.ac6.mcu.externaltools.arm-none.win32_1.16.0.201807130628/tools/compiler/bin/../lib/gcc/arm-none-eabi/7.2.1/../../../../arm-none-eabi/lib/thumb/v7e-m/fpv4-sp/hard\librdimon.a(rdimon-syscalls.o)
                0x0800f17c                _get_semihosting_exts
 .text.initialise_semihosting_exts
                0x0800f24c       0x3c c:/ac6/systemworkbench/plugins/fr.ac6.mcu.externaltools.arm-none.win32_1.16.0.201807130628/tools/compiler/bin/../lib/gcc/arm-none-eabi/7.2.1/../../../../arm-none-eabi/lib/thumb/v7e-m/fpv4-sp/hard\librdimon.a(rdimon-syscalls.o)
 .text.initialise_monitor_handles
                0x0800f288       0xfc c:/ac6/systemworkbench/plugins/fr.ac6.mcu.externaltools.arm-none.win32_1.16.0.201807130628/tools/compiler/bin/../lib/gcc/arm-none-eabi/7.2.1/../../../../arm-none-eabi/lib/thumb/v7e-m/fpv4-sp/hard\librdimon.a(rdimon-syscalls.o)
                0x0800f288                initialise_monitor_handles
 .text._isatty  0x0800f384       0x3c c:/ac6/systemworkbench/plugins/fr.ac6.mcu.externaltools.arm-none.win32_1.16.0.201807130628/tools/compiler/bin/../lib/gcc/arm-none-eabi/7.2.1/../../../../arm-none-eabi/lib/thumb/v7e-m/fpv4-sp/hard\librdimon.a(rdimon-syscalls.o)
                0x0800f384                _isatty
 .text.__errno  0x0800f3c0        0xc c:/ac6/systemworkbench/plugins/fr.ac6.mcu.externaltools.arm-none.win32_1.16.0.201807130628/tools/compiler/bin/../lib/gcc/arm-none-eabi/7.2.1/../../../../arm-none-eabi/lib/thumb/v7e-m/fpv4-sp/hard\libc.a(lib_a-errno.o)
                0x0800f3c0                __errno
 *(.glue_7)
 .glue_7        0x0800f3cc        0x0 linker stubs
 *(.glue_7t)
 .glue_7t       0x0800f3cc        0x0 linker stubs
 *(.eh_frame)
 .eh_frame      0x0800f3cc        0x0 c:/ac6/systemworkbench/plugins/fr.ac6.mcu.externaltools.arm-none.win32_1.16.0.201807130628/tools/compiler/bin/../lib/gcc/arm-none-eabi/7.2.1/thumb/v7e-m/fpv4-sp/hard/crtbegin.o
 *(.init)
 .init          0x0800f3cc        0x4 c:/ac6/systemworkbench/plugins/fr.ac6.mcu.externaltools.arm-none.win32_1.16.0.201807130628/tools/compiler/bin/../lib/gcc/arm-none-eabi/7.2.1/thumb/v7e-m/fpv4-sp/hard/crti.o
                0x0800f3cc                _init
 .init          0x0800f3d0        0x8 c:/ac6/systemworkbench/plugins/fr.ac6.mcu.externaltools.arm-none.win32_1.16.0.201807130628/tools/compiler/bin/../lib/gcc/arm-none-eabi/7.2.1/thumb/v7e-m/fpv4-sp/hard/crtn.o
 *(.fini)
 .fini          0x0800f3d8        0x4 c:/ac6/systemworkbench/plugins/fr.ac6.mcu.externaltools.arm-none.win32_1.16.0.201807130628/tools/compiler/bin/../lib/gcc/arm-none-eabi/7.2.1/thumb/v7e-m/fpv4-sp/hard/crti.o
                0x0800f3d8                _fini
 .fini          0x0800f3dc        0x8 c:/ac6/systemworkbench/plugins/fr.ac6.mcu.externaltools.arm-none.win32_1.16.0.201807130628/tools/compiler/bin/../lib/gcc/arm-none-eabi/7.2.1/thumb/v7e-m/fpv4-sp/hard/crtn.o
                0x0800f3e4                . = ALIGN (0x4)
                0x0800f3e4                _etext = .

.vfp11_veneer   0x0800f3e4        0x0
 .vfp11_veneer  0x0800f3e4        0x0 linker stubs

.v4_bx          0x0800f3e4        0x0
 .v4_bx         0x0800f3e4        0x0 linker stubs

.iplt           0x0800f3e4        0x0
 .iplt          0x0800f3e4        0x0 c:/ac6/systemworkbench/plugins/fr.ac6.mcu.externaltools.arm-none.win32_1.16.0.201807130628/tools/compiler/bin/../lib/gcc/arm-none-eabi/7.2.1/thumb/v7e-m/fpv4-sp/hard/crtbegin.o

.rodata         0x0800f3e8      0xdac
                0x0800f3e8                . = ALIGN (0x4)
 *(.rodata)
 .rodata        0x0800f3e8       0xae Middlewares/Third_Party/FatFs/src/ff.o
 *fill*         0x0800f496        0x2 
 .rodata        0x0800f498      0x3ae Middlewares/Third_Party/FatFs/src/option/ccsbcs.o
 *fill*         0x0800f846        0x2 
 .rodata        0x0800f848       0x18 Src/system_stm32f4xx.o
                0x0800f848                AHBPrescTable
                0x0800f858                APBPrescTable
 *(.rodata*)
 .rodata.str1.4
                0x0800f860       0x3b Drivers/STM32F4xx_HAL_Driver/Src/stm32f4xx_hal_cortex.o
 *fill*         0x0800f89b        0x1 
 .rodata.str1.4
                0x0800f89c       0x39 Drivers/STM32F4xx_HAL_Driver/Src/stm32f4xx_hal_gpio.o
 *fill*         0x0800f8d5        0x3 
 .rodata.str1.4
                0x0800f8d8       0x38 Drivers/STM32F4xx_HAL_Driver/Src/stm32f4xx_hal_i2c.o
 .rodata.str1.4
                0x0800f910       0x38 Drivers/STM32F4xx_HAL_Driver/Src/stm32f4xx_hal_rcc.o
 .rodata.str1.4
                0x0800f948       0x38 Drivers/STM32F4xx_HAL_Driver/Src/stm32f4xx_hal_spi.o
 .rodata.str1.4
                0x0800f980       0x38 Drivers/STM32F4xx_HAL_Driver/Src/stm32f4xx_hal_tim.o
 .rodata.str1.4
                0x0800f9b8       0x3b Drivers/STM32F4xx_HAL_Driver/Src/stm32f4xx_hal_tim_ex.o
 *fill*         0x0800f9f3        0x1 
 .rodata.str1.4
                0x0800f9f4       0x39 Drivers/STM32F4xx_HAL_Driver/Src/stm32f4xx_hal_uart.o
 *fill*         0x0800fa2d        0x3 
 .rodata.str1.4
                0x0800fa30       0x48 Middlewares/Third_Party/FatFs/src/ff.o
 .rodata.str1.4
                0x0800fa78       0x53 Src/LCD2004.o
                                 0x56 (size before relaxing)
 *fill*         0x0800facb        0x1 
 .rodata.str1.4
                0x0800facc        0xd Src/ZS-042.o
 *fill*         0x0800fad9        0x3 
 .rodata.str1.4
                0x0800fadc        0xd Src/i2c.o
 *fill*         0x0800fae9        0x3 
 .rodata.str1.4
                0x0800faec      0x2b8 Src/main.o
 .rodata.str1.4
                0x0800fda4       0x59 Src/sd.o
 *fill*         0x0800fdfd        0x3 
 .rodata.str1.4
                0x0800fe00        0xd Src/spi.o
 *fill*         0x0800fe0d        0x3 
 .rodata.str1.4
                0x0800fe10        0xd Src/tim.o
 *fill*         0x0800fe1d        0x3 
 .rodata.str1.4
                0x0800fe20        0xf Src/usart.o
 *fill*         0x0800fe2f        0x1 
 .rodata.str1.4
                0x0800fe30       0x71 Src/user_diskio.o
 *fill*         0x0800fea1        0x3 
 .rodata._global_impure_ptr
                0x0800fea4        0x4 c:/ac6/systemworkbench/plugins/fr.ac6.mcu.externaltools.arm-none.win32_1.16.0.201807130628/tools/compiler/bin/../lib/gcc/arm-none-eabi/7.2.1/../../../../arm-none-eabi/lib/thumb/v7e-m/fpv4-sp/hard\libc.a(lib_a-impure.o)
                0x0800fea4                _global_impure_ptr
 .rodata._puts_r.str1.4
                0x0800fea8       0x71 c:/ac6/systemworkbench/plugins/fr.ac6.mcu.externaltools.arm-none.win32_1.16.0.201807130628/tools/compiler/bin/../lib/gcc/arm-none-eabi/7.2.1/../../../../arm-none-eabi/lib/thumb/v7e-m/fpv4-sp/hard\libc.a(lib_a-puts.o)
                                  0x2 (size before relaxing)
 .rodata._svfprintf_r.str1.4
                0x0800fea8       0x42 c:/ac6/systemworkbench/plugins/fr.ac6.mcu.externaltools.arm-none.win32_1.16.0.201807130628/tools/compiler/bin/../lib/gcc/arm-none-eabi/7.2.1/../../../../arm-none-eabi/lib/thumb/v7e-m/fpv4-sp/hard\libc.a(lib_a-svfprintf.o)
 *fill*         0x0800feea        0x2 
 .rodata.blanks.8551
                0x0800feec       0x10 c:/ac6/systemworkbench/plugins/fr.ac6.mcu.externaltools.arm-none.win32_1.16.0.201807130628/tools/compiler/bin/../lib/gcc/arm-none-eabi/7.2.1/../../../../arm-none-eabi/lib/thumb/v7e-m/fpv4-sp/hard\libc.a(lib_a-svfprintf.o)
 .rodata.zeroes.8552
                0x0800fefc       0x10 c:/ac6/systemworkbench/plugins/fr.ac6.mcu.externaltools.arm-none.win32_1.16.0.201807130628/tools/compiler/bin/../lib/gcc/arm-none-eabi/7.2.1/../../../../arm-none-eabi/lib/thumb/v7e-m/fpv4-sp/hard\libc.a(lib_a-svfprintf.o)
 .rodata.__utoa.str1.4
                0x0800ff0c       0x25 c:/ac6/systemworkbench/plugins/fr.ac6.mcu.externaltools.arm-none.win32_1.16.0.201807130628/tools/compiler/bin/../lib/gcc/arm-none-eabi/7.2.1/../../../../arm-none-eabi/lib/thumb/v7e-m/fpv4-sp/hard\libc.a(lib_a-utoa.o)
 .rodata._vfprintf_r.str1.4
                0x0800ff31       0x42 c:/ac6/systemworkbench/plugins/fr.ac6.mcu.externaltools.arm-none.win32_1.16.0.201807130628/tools/compiler/bin/../lib/gcc/arm-none-eabi/7.2.1/../../../../arm-none-eabi/lib/thumb/v7e-m/fpv4-sp/hard\libc.a(lib_a-vfprintf.o)
 *fill*         0x0800ff31        0x3 
 .rodata.blanks.8566
                0x0800ff34       0x10 c:/ac6/systemworkbench/plugins/fr.ac6.mcu.externaltools.arm-none.win32_1.16.0.201807130628/tools/compiler/bin/../lib/gcc/arm-none-eabi/7.2.1/../../../../arm-none-eabi/lib/thumb/v7e-m/fpv4-sp/hard\libc.a(lib_a-vfprintf.o)
 .rodata.zeroes.8567
                0x0800ff44       0x10 c:/ac6/systemworkbench/plugins/fr.ac6.mcu.externaltools.arm-none.win32_1.16.0.201807130628/tools/compiler/bin/../lib/gcc/arm-none-eabi/7.2.1/../../../../arm-none-eabi/lib/thumb/v7e-m/fpv4-sp/hard\libc.a(lib_a-vfprintf.o)
 .rodata._dtoa_r.str1.4
                0x0800ff54       0x10 c:/ac6/systemworkbench/plugins/fr.ac6.mcu.externaltools.arm-none.win32_1.16.0.201807130628/tools/compiler/bin/../lib/gcc/arm-none-eabi/7.2.1/../../../../arm-none-eabi/lib/thumb/v7e-m/fpv4-sp/hard\libc.a(lib_a-dtoa.o)
                                 0x12 (size before relaxing)
 *fill*         0x0800ff64        0x4 
 .rodata.__mprec_bigtens
                0x0800ff68       0x28 c:/ac6/systemworkbench/plugins/fr.ac6.mcu.externaltools.arm-none.win32_1.16.0.201807130628/tools/compiler/bin/../lib/gcc/arm-none-eabi/7.2.1/../../../../arm-none-eabi/lib/thumb/v7e-m/fpv4-sp/hard\libc.a(lib_a-mprec.o)
                0x0800ff68                __mprec_bigtens
 .rodata.__mprec_tens
                0x0800ff90       0xc8 c:/ac6/systemworkbench/plugins/fr.ac6.mcu.externaltools.arm-none.win32_1.16.0.201807130628/tools/compiler/bin/../lib/gcc/arm-none-eabi/7.2.1/../../../../arm-none-eabi/lib/thumb/v7e-m/fpv4-sp/hard\libc.a(lib_a-mprec.o)
                0x0800ff90                __mprec_tens
 .rodata.p05.7367
                0x08010058        0xc c:/ac6/systemworkbench/plugins/fr.ac6.mcu.externaltools.arm-none.win32_1.16.0.201807130628/tools/compiler/bin/../lib/gcc/arm-none-eabi/7.2.1/../../../../arm-none-eabi/lib/thumb/v7e-m/fpv4-sp/hard\libc.a(lib_a-mprec.o)
 .rodata._setlocale_r.str1.4
                0x08010064        0xa c:/ac6/systemworkbench/plugins/fr.ac6.mcu.externaltools.arm-none.win32_1.16.0.201807130628/tools/compiler/bin/../lib/gcc/arm-none-eabi/7.2.1/../../../../arm-none-eabi/lib/thumb/v7e-m/fpv4-sp/hard\libc.a(lib_a-locale.o)
                                  0xd (size before relaxing)
 *fill*         0x0801006e        0x2 
 .rodata.str1.4
                0x08010070        0x2 c:/ac6/systemworkbench/plugins/fr.ac6.mcu.externaltools.arm-none.win32_1.16.0.201807130628/tools/compiler/bin/../lib/gcc/arm-none-eabi/7.2.1/../../../../arm-none-eabi/lib/thumb/v7e-m/fpv4-sp/hard\libc.a(lib_a-locale.o)
 *fill*         0x08010072        0x2 
 .rodata._ctype_
                0x08010074      0x101 c:/ac6/systemworkbench/plugins/fr.ac6.mcu.externaltools.arm-none.win32_1.16.0.201807130628/tools/compiler/bin/../lib/gcc/arm-none-eabi/7.2.1/../../../../arm-none-eabi/lib/thumb/v7e-m/fpv4-sp/hard\libc.a(lib_a-ctype_.o)
                0x08010074                _ctype_
 *fill*         0x08010175        0x3 
 .rodata._get_semihosting_exts.str1.4
                0x08010178       0x16 c:/ac6/systemworkbench/plugins/fr.ac6.mcu.externaltools.arm-none.win32_1.16.0.201807130628/tools/compiler/bin/../lib/gcc/arm-none-eabi/7.2.1/../../../../arm-none-eabi/lib/thumb/v7e-m/fpv4-sp/hard\librdimon.a(rdimon-syscalls.o)
 *fill*         0x0801018e        0x2 
 .rodata.initialise_monitor_handles.str1.4
                0x08010190        0x4 c:/ac6/systemworkbench/plugins/fr.ac6.mcu.externaltools.arm-none.win32_1.16.0.201807130628/tools/compiler/bin/../lib/gcc/arm-none-eabi/7.2.1/../../../../arm-none-eabi/lib/thumb/v7e-m/fpv4-sp/hard\librdimon.a(rdimon-syscalls.o)
                0x08010194                . = ALIGN (0x4)

.ARM.extab
 *(.ARM.extab* .gnu.linkonce.armextab.*)

.ARM            0x08010194        0x8
                0x08010194                __exidx_start = .
 *(.ARM.exidx*)
 .ARM.exidx     0x08010194        0x8 c:/ac6/systemworkbench/plugins/fr.ac6.mcu.externaltools.arm-none.win32_1.16.0.201807130628/tools/compiler/bin/../lib/gcc/arm-none-eabi/7.2.1/thumb/v7e-m/fpv4-sp/hard\libgcc.a(_udivmoddi4.o)
                0x0801019c                __exidx_end = .

.rel.dyn        0x0801019c        0x0
 .rel.iplt      0x0801019c        0x0 c:/ac6/systemworkbench/plugins/fr.ac6.mcu.externaltools.arm-none.win32_1.16.0.201807130628/tools/compiler/bin/../lib/gcc/arm-none-eabi/7.2.1/thumb/v7e-m/fpv4-sp/hard/crtbegin.o

.preinit_array  0x0801019c        0x0
                0x0801019c                PROVIDE (__preinit_array_start, .)
 *(.preinit_array*)
                0x0801019c                PROVIDE (__preinit_array_end, .)

.init_array     0x0801019c        0x8
                0x0801019c                PROVIDE (__init_array_start, .)
 *(SORT_BY_NAME(.init_array.*))
 .init_array.00000
                0x0801019c        0x4 c:/ac6/systemworkbench/plugins/fr.ac6.mcu.externaltools.arm-none.win32_1.16.0.201807130628/tools/compiler/bin/../lib/gcc/arm-none-eabi/7.2.1/../../../../arm-none-eabi/lib/thumb/v7e-m/fpv4-sp/hard\libc.a(lib_a-__call_atexit.o)
 *(.init_array*)
 .init_array    0x080101a0        0x4 c:/ac6/systemworkbench/plugins/fr.ac6.mcu.externaltools.arm-none.win32_1.16.0.201807130628/tools/compiler/bin/../lib/gcc/arm-none-eabi/7.2.1/thumb/v7e-m/fpv4-sp/hard/crtbegin.o
                0x080101a4                PROVIDE (__init_array_end, .)

.fini_array     0x080101a4        0x4
                0x080101a4                PROVIDE (__fini_array_start, .)
 *(SORT_BY_NAME(.fini_array.*))
 *(.fini_array*)
 .fini_array    0x080101a4        0x4 c:/ac6/systemworkbench/plugins/fr.ac6.mcu.externaltools.arm-none.win32_1.16.0.201807130628/tools/compiler/bin/../lib/gcc/arm-none-eabi/7.2.1/thumb/v7e-m/fpv4-sp/hard/crtbegin.o
                0x080101a8                PROVIDE (__fini_array_end, .)
                0x080101a8                _sidata = LOADADDR (.data)

.data           0x20000000      0x9ec load address 0x080101a8
                0x20000000                . = ALIGN (0x4)
                0x20000000                _sdata = .
 *(.data)
 .data          0x20000000        0x8 Drivers/STM32F4xx_HAL_Driver/Src/stm32f4xx_hal.o
                0x20000000                uwTickFreq
                0x20000004                uwTickPrio
 .data          0x20000008        0x8 Src/LCD2004.o
                0x20000008                LCD_ADDR
                0x2000000c                LIGHT
 .data          0x20000010        0x4 Src/main.o
                0x20000010                number_of_barometer
 .data          0x20000014        0x4 Src/system_stm32f4xx.o
                0x20000014                SystemCoreClock
 .data          0x20000018       0x18 Src/user_diskio.o
                0x2000001c                USER_Driver
 *(.data*)
 .data._impure_ptr
                0x20000030        0x4 c:/ac6/systemworkbench/plugins/fr.ac6.mcu.externaltools.arm-none.win32_1.16.0.201807130628/tools/compiler/bin/../lib/gcc/arm-none-eabi/7.2.1/../../../../arm-none-eabi/lib/thumb/v7e-m/fpv4-sp/hard\libc.a(lib_a-impure.o)
                0x20000030                _impure_ptr
 *fill*         0x20000034        0x4 
 .data.impure_data
                0x20000038      0x428 c:/ac6/systemworkbench/plugins/fr.ac6.mcu.externaltools.arm-none.win32_1.16.0.201807130628/tools/compiler/bin/../lib/gcc/arm-none-eabi/7.2.1/../../../../arm-none-eabi/lib/thumb/v7e-m/fpv4-sp/hard\libc.a(lib_a-impure.o)
 .data.__atexit_recursive_mutex
                0x20000460        0x4 c:/ac6/systemworkbench/plugins/fr.ac6.mcu.externaltools.arm-none.win32_1.16.0.201807130628/tools/compiler/bin/../lib/gcc/arm-none-eabi/7.2.1/../../../../arm-none-eabi/lib/thumb/v7e-m/fpv4-sp/hard\libc.a(lib_a-__call_atexit.o)
                0x20000460                __atexit_recursive_mutex
 .data.__malloc_av_
                0x20000464      0x408 c:/ac6/systemworkbench/plugins/fr.ac6.mcu.externaltools.arm-none.win32_1.16.0.201807130628/tools/compiler/bin/../lib/gcc/arm-none-eabi/7.2.1/../../../../arm-none-eabi/lib/thumb/v7e-m/fpv4-sp/hard\libc.a(lib_a-mallocr.o)
                0x20000464                __malloc_av_
 .data.__malloc_sbrk_base
                0x2000086c        0x4 c:/ac6/systemworkbench/plugins/fr.ac6.mcu.externaltools.arm-none.win32_1.16.0.201807130628/tools/compiler/bin/../lib/gcc/arm-none-eabi/7.2.1/../../../../arm-none-eabi/lib/thumb/v7e-m/fpv4-sp/hard\libc.a(lib_a-mallocr.o)
                0x2000086c                __malloc_sbrk_base
 .data.__malloc_trim_threshold
                0x20000870        0x4 c:/ac6/systemworkbench/plugins/fr.ac6.mcu.externaltools.arm-none.win32_1.16.0.201807130628/tools/compiler/bin/../lib/gcc/arm-none-eabi/7.2.1/../../../../arm-none-eabi/lib/thumb/v7e-m/fpv4-sp/hard\libc.a(lib_a-mallocr.o)
                0x20000870                __malloc_trim_threshold
 .data.__global_locale
                0x20000874      0x16c c:/ac6/systemworkbench/plugins/fr.ac6.mcu.externaltools.arm-none.win32_1.16.0.201807130628/tools/compiler/bin/../lib/gcc/arm-none-eabi/7.2.1/../../../../arm-none-eabi/lib/thumb/v7e-m/fpv4-sp/hard\libc.a(lib_a-locale.o)
                0x20000874                __global_locale
 .data.__heap_limit
                0x200009e0        0x4 c:/ac6/systemworkbench/plugins/fr.ac6.mcu.externaltools.arm-none.win32_1.16.0.201807130628/tools/compiler/bin/../lib/gcc/arm-none-eabi/7.2.1/../../../../arm-none-eabi/lib/thumb/v7e-m/fpv4-sp/hard\librdimon.a(rdimon-syscalls.o)
                0x200009e0                __heap_limit
 .data.supports_ext_exit_extended
                0x200009e4        0x4 c:/ac6/systemworkbench/plugins/fr.ac6.mcu.externaltools.arm-none.win32_1.16.0.201807130628/tools/compiler/bin/../lib/gcc/arm-none-eabi/7.2.1/../../../../arm-none-eabi/lib/thumb/v7e-m/fpv4-sp/hard\librdimon.a(rdimon-syscalls.o)
 .data.supports_ext_stdout_stderr
                0x200009e8        0x4 c:/ac6/systemworkbench/plugins/fr.ac6.mcu.externaltools.arm-none.win32_1.16.0.201807130628/tools/compiler/bin/../lib/gcc/arm-none-eabi/7.2.1/../../../../arm-none-eabi/lib/thumb/v7e-m/fpv4-sp/hard\librdimon.a(rdimon-syscalls.o)
                0x200009ec                . = ALIGN (0x4)
                0x200009ec                _edata = .

.igot.plt       0x200009ec        0x0 load address 0x08010b94
 .igot.plt      0x200009ec        0x0 c:/ac6/systemworkbench/plugins/fr.ac6.mcu.externaltools.arm-none.win32_1.16.0.201807130628/tools/compiler/bin/../lib/gcc/arm-none-eabi/7.2.1/thumb/v7e-m/fpv4-sp/hard/crtbegin.o
                0x200009ec                . = ALIGN (0x4)
